2026-08-14T00:00:31Z evt=ingest id=00000 node=r0
2026-08-14T00:01:31Z evt=parse id=00001 node=r1
2026-08-14T00:02:31Z evt=route id=00002 node=r2
2026-08-14T00:03:31Z evt=ack id=00003 node=r3
2026-08-14T00:04:31Z evt=retry id=00004 node=r0
2026-08-14T00:05:31Z evt=flush id=00005 node=r1
2026-08-14T00:06:31Z evt=drop id=00006 node=r2
2026-08-14T00:07:31Z evt=ingest id=00007 node=r3
2026-08-14T00:08:31Z evt=parse id=00008 node=r0
2026-08-14T00:09:31Z evt=route id=00009 node=r1
2026-08-14T00:10:31Z evt=ack id=00010 node=r2
2026-08-14T00:11:31Z evt=retry id=00011 node=r3
2026-08-14T00:12:31Z evt=flush id=00012 node=r0
2026-08-14T00:13:31Z evt=drop id=00013 node=r1
2026-08-14T00:14:31Z evt=ingest id=00014 node=r2
2026-08-14T00:15:31Z evt=parse id=00015 node=r3
2026-08-14T00:16:31Z evt=route id=00016 node=r0
2026-08-14T00:17:31Z evt=ack id=00017 node=r1
2026-08-14T00:18:31Z evt=retry id=00018 node=r2
2026-08-14T00:19:31Z evt=flush id=00019 node=r3
2026-08-14T00:20:31Z evt=drop id=00020 node=r0
2026-08-14T00:21:31Z evt=ingest id=00021 node=r1
2026-08-14T00:22:31Z evt=parse id=00022 node=r2
2026-08-14T00:23:31Z evt=route id=00023 node=r3
2026-08-14T00:24:31Z evt=ack id=00024 node=r0
2026-08-14T00:25:31Z evt=retry id=00025 node=r1
2026-08-14T00:26:31Z evt=flush id=00026 node=r2
2026-08-14T00:27:31Z evt=drop id=00027 node=r3
2026-08-14T00:28:31Z evt=ingest id=00028 node=r0
2026-08-14T00:29:31Z evt=parse id=00029 node=r1
2026-08-14T00:30:31Z evt=route id=00030 node=r2
2026-08-14T00:31:31Z evt=ack id=00031 node=r3
2026-08-14T00:32:31Z evt=retry id=00032 node=r0
2026-08-14T00:33:31Z evt=flush id=00033 node=r1
2026-08-14T00:34:31Z evt=drop id=00034 node=r2
2026-08-14T00:35:31Z evt=ingest id=00035 node=r3
2026-08-14T00:36:31Z evt=parse id=00036 node=r0
2026-08-14T00:37:31Z evt=route id=00037 node=r1
2026-08-14T00:38:31Z evt=ack id=00038 node=r2
2026-08-14T00:39:31Z evt=retry id=00039 node=r3
2026-08-14T00:40:31Z evt=flush id=00040 node=r0
2026-08-14T00:41:31Z evt=drop id=00041 node=r1
2026-08-14T00:42:31Z evt=ingest id=00042 node=r2
2026-08-14T00:43:31Z evt=parse id=00043 node=r3
2026-08-14T00:44:31Z evt=route id=00044 node=r0
2026-08-14T00:45:31Z evt=ack id=00045 node=r1
2026-08-14T00:46:31Z evt=retry id=00046 node=r2
2026-08-14T00:47:31Z evt=flush id=00047 node=r3
2026-08-14T00:48:31Z evt=drop id=00048 node=r0
2026-08-14T00:49:31Z evt=ingest id=00049 node=r1
2026-08-14T00:50:31Z evt=parse id=00050 node=r2
2026-08-14T00:51:31Z evt=route id=00051 node=r3
2026-08-14T00:52:31Z evt=ack id=00052 node=r0
2026-08-14T00:53:31Z evt=retry id=00053 node=r1
2026-08-14T00:54:31Z evt=flush id=00054 node=r2
2026-08-14T00:55:31Z evt=drop id=00055 node=r3
2026-08-14T00:56:31Z evt=ingest id=00056 node=r0
2026-08-14T00:57:31Z evt=parse id=00057 node=r1
2026-08-14T00:58:31Z evt=route id=00058 node=r2
2026-08-14T00:59:31Z evt=ack id=00059 node=r3
2026-08-14T01:00:31Z evt=retry id=00060 node=r0
2026-08-14T01:01:31Z evt=flush id=00061 node=r1
2026-08-14T01:02:31Z evt=drop id=00062 node=r2
2026-08-14T01:03:31Z evt=ingest id=00063 node=r3
2026-08-14T01:04:31Z evt=parse id=00064 node=r0
2026-08-14T01:05:31Z evt=route id=00065 node=r1
2026-08-14T01:06:31Z evt=ack id=00066 node=r2
2026-08-14T01:07:31Z evt=retry id=00067 node=r3
2026-08-14T01:08:31Z evt=flush id=00068 node=r0
2026-08-14T01:09:31Z evt=drop id=00069 node=r1
2026-08-14T01:10:31Z evt=ingest id=00070 node=r2
2026-08-14T01:11:31Z evt=parse id=00071 node=r3
2026-08-14T01:12:31Z evt=route id=00072 node=r0
2026-08-14T01:13:31Z evt=ack id=00073 node=r1
2026-08-14T01:14:31Z evt=retry id=00074 node=r2
2026-08-14T01:15:31Z evt=flush id=00075 node=r3
2026-08-14T01:16:31Z evt=drop id=00076 node=r0
2026-08-14T01:17:31Z evt=ingest id=00077 node=r1
2026-08-14T01:18:31Z evt=parse id=00078 node=r2
2026-08-14T01:19:31Z evt=route id=00079 node=r3
2026-08-14T01:20:31Z evt=ack id=00080 node=r0
2026-08-14T01:21:31Z evt=retry id=00081 node=r1
2026-08-14T01:22:31Z evt=flush id=00082 node=r2
2026-08-14T01:23:31Z evt=drop id=00083 node=r3
2026-08-14T01:24:31Z evt=ingest id=00084 node=r0
2026-08-14T01:25:31Z evt=parse id=00085 node=r1
2026-08-14T01:26:31Z evt=route id=00086 node=r2
2026-08-14T01:27:31Z evt=ack id=00087 node=r3
2026-08-14T01:28:31Z evt=retry id=00088 node=r0
2026-08-14T01:29:31Z evt=flush id=00089 node=r1
2026-08-14T01:30:31Z evt=drop id=00090 node=r2
2026-08-14T01:31:31Z evt=ingest id=00091 node=r3
2026-08-14T01:32:31Z evt=parse id=00092 node=r0
2026-08-14T01:33:31Z evt=route id=00093 node=r1
2026-08-14T01:34:31Z evt=ack id=00094 node=r2
2026-08-14T01:35:31Z evt=retry id=00095 node=r3
2026-08-14T01:36:31Z evt=flush id=00096 node=r0
2026-08-14T01:37:31Z evt=drop id=00097 node=r1
2026-08-14T01:38:31Z evt=ingest id=00098 node=r2
2026-08-14T01:39:31Z evt=parse id=00099 node=r3
2026-08-14T01:40:31Z evt=route id=00100 node=r0
2026-08-14T01:41:31Z evt=ack id=00101 node=r1
2026-08-14T01:42:31Z evt=retry id=00102 node=r2
2026-08-14T01:43:31Z evt=flush id=00103 node=r3
2026-08-14T01:44:31Z evt=drop id=00104 node=r0
2026-08-14T01:45:31Z evt=ingest id=00105 node=r1
2026-08-14T01:46:31Z evt=parse id=00106 node=r2
2026-08-14T01:47:31Z evt=route id=00107 node=r3
2026-08-14T01:48:31Z evt=ack id=00108 node=r0
2026-08-14T01:49:31Z evt=retry id=00109 node=r1
2026-08-14T01:50:31Z evt=flush id=00110 node=r2
2026-08-14T01:51:31Z evt=drop id=00111 node=r3
2026-08-14T01:52:31Z evt=ingest id=00112 node=r0
2026-08-14T01:53:31Z evt=parse id=00113 node=r1
2026-08-14T01:54:31Z evt=route id=00114 node=r2
2026-08-14T01:55:31Z evt=ack id=00115 node=r3
2026-08-14T01:56:31Z evt=retry id=00116 node=r0
2026-08-14T01:57:31Z evt=flush id=00117 node=r1
2026-08-14T01:58:31Z evt=drop id=00118 node=r2
2026-08-14T01:59:31Z evt=ingest id=00119 node=r3
2026-08-14T02:00:31Z evt=parse id=00120 node=r0
2026-08-14T02:01:31Z evt=route id=00121 node=r1
2026-08-14T02:02:31Z evt=ack id=00122 node=r2
2026-08-14T02:03:31Z evt=retry id=00123 node=r3
2026-08-14T02:04:31Z evt=flush id=00124 node=r0
2026-08-14T02:05:31Z evt=drop id=00125 node=r1
2026-08-14T02:06:31Z evt=ingest id=00126 node=r2
2026-08-14T02:07:31Z evt=parse id=00127 node=r3
2026-08-14T02:08:31Z evt=route id=00128 node=r0
2026-08-14T02:09:31Z evt=ack id=00129 node=r1
2026-08-14T02:10:31Z evt=retry id=00130 node=r2
2026-08-14T02:11:31Z evt=flush id=00131 node=r3
2026-08-14T02:12:31Z evt=drop id=00132 node=r0
2026-08-14T02:13:31Z evt=ingest id=00133 node=r1
2026-08-14T02:14:31Z evt=parse id=00134 node=r2
2026-08-14T02:15:31Z evt=route id=00135 node=r3
2026-08-14T02:16:31Z evt=ack id=00136 node=r0
2026-08-14T02:17:31Z evt=retry id=00137 node=r1
2026-08-14T02:18:31Z evt=flush id=00138 node=r2
2026-08-14T02:19:31Z evt=drop id=00139 node=r3
2026-08-14T02:20:31Z evt=ingest id=00140 node=r0
2026-08-14T02:21:31Z evt=parse id=00141 node=r1
2026-08-14T02:22:31Z evt=route id=00142 node=r2
2026-08-14T02:23:31Z evt=ack id=00143 node=r3
2026-08-14T02:24:31Z evt=retry id=00144 node=r0
2026-08-14T02:25:31Z evt=flush id=00145 node=r1
2026-08-14T02:26:31Z evt=drop id=00146 node=r2
2026-08-14T02:27:31Z evt=ingest id=00147 node=r3
2026-08-14T02:28:31Z evt=parse id=00148 node=r0
2026-08-14T02:29:31Z evt=route id=00149 node=r1
2026-08-14T02:30:31Z evt=ack id=00150 node=r2
2026-08-14T02:31:31Z evt=retry id=00151 node=r3
2026-08-14T02:32:31Z evt=flush id=00152 node=r0
2026-08-14T02:33:31Z evt=drop id=00153 node=r1
2026-08-14T02:34:31Z evt=ingest id=00154 node=r2
2026-08-14T02:35:31Z evt=parse id=00155 node=r3
2026-08-14T02:36:31Z evt=route id=00156 node=r0
2026-08-14T02:37:31Z evt=ack id=00157 node=r1
2026-08-14T02:38:31Z evt=retry id=00158 node=r2
2026-08-14T02:39:31Z evt=flush id=00159 node=r3
2026-08-14T02:40:31Z evt=drop id=00160 node=r0
2026-08-14T02:41:31Z evt=ingest id=00161 node=r1
2026-08-14T02:42:31Z evt=parse id=00162 node=r2
2026-08-14T02:43:31Z evt=route id=00163 node=r3
2026-08-14T02:44:31Z evt=ack id=00164 node=r0
2026-08-14T02:45:31Z evt=retry id=00165 node=r1
2026-08-14T02:46:31Z evt=flush id=00166 node=r2
2026-08-14T02:47:31Z evt=drop id=00167 node=r3
2026-08-14T02:48:31Z evt=ingest id=00168 node=r0
2026-08-14T02:49:31Z evt=parse id=00169 node=r1
2026-08-14T02:50:31Z evt=route id=00170 node=r2
2026-08-14T02:51:31Z evt=ack id=00171 node=r3
2026-08-14T02:52:31Z evt=retry id=00172 node=r0
2026-08-14T02:53:31Z evt=flush id=00173 node=r1
2026-08-14T02:54:31Z evt=drop id=00174 node=r2
2026-08-14T02:55:31Z evt=ingest id=00175 node=r3
2026-08-14T02:56:31Z evt=parse id=00176 node=r0
2026-08-14T02:57:31Z evt=route id=00177 node=r1
2026-08-14T02:58:31Z evt=ack id=00178 node=r2
2026-08-14T02:59:31Z evt=retry id=00179 node=r3
2026-08-14T03:00:31Z evt=flush id=00180 node=r0
2026-08-14T03:01:31Z evt=drop id=00181 node=r1
2026-08-14T03:02:31Z evt=ingest id=00182 node=r2
2026-08-14T03:03:31Z evt=parse id=00183 node=r3
2026-08-14T03:04:31Z evt=route id=00184 node=r0
2026-08-14T03:05:31Z evt=ack id=00185 node=r1
2026-08-14T03:06:31Z evt=retry id=00186 node=r2
2026-08-14T03:07:31Z evt=flush id=00187 node=r3
2026-08-14T03:08:31Z evt=drop id=00188 node=r0
2026-08-14T03:09:31Z evt=ingest id=00189 node=r1
2026-08-14T03:10:31Z evt=parse id=00190 node=r2
2026-08-14T03:11:31Z evt=route id=00191 node=r3
2026-08-14T03:12:31Z evt=ack id=00192 node=r0
2026-08-14T03:13:31Z evt=retry id=00193 node=r1
2026-08-14T03:14:31Z evt=flush id=00194 node=r2
2026-08-14T03:15:31Z evt=drop id=00195 node=r3
2026-08-14T03:16:31Z evt=ingest id=00196 node=r0
2026-08-14T03:17:31Z evt=parse id=00197 node=r1
2026-08-14T03:18:31Z evt=route id=00198 node=r2
2026-08-14T03:19:31Z evt=ack id=00199 node=r3
2026-08-14T03:20:31Z evt=retry id=00200 node=r0
2026-08-14T03:21:31Z evt=flush id=00201 node=r1
2026-08-14T03:22:31Z evt=drop id=00202 node=r2
2026-08-14T03:23:31Z evt=ingest id=00203 node=r3
2026-08-14T03:24:31Z evt=parse id=00204 node=r0
2026-08-14T03:25:31Z evt=route id=00205 node=r1
2026-08-14T03:26:31Z evt=ack id=00206 node=r2
2026-08-14T03:27:31Z evt=retry id=00207 node=r3
2026-08-14T03:28:31Z evt=flush id=00208 node=r0
2026-08-14T03:29:31Z evt=drop id=00209 node=r1
2026-08-14T03:30:31Z evt=ingest id=00210 node=r2
2026-08-14T03:31:31Z evt=parse id=00211 node=r3
2026-08-14T03:32:31Z evt=route id=00212 node=r0
2026-08-14T03:33:31Z evt=ack id=00213 node=r1
2026-08-14T03:34:31Z evt=retry id=00214 node=r2
2026-08-14T03:35:31Z evt=flush id=00215 node=r3
2026-08-14T03:36:31Z evt=drop id=00216 node=r0
2026-08-14T03:37:31Z evt=ingest id=00217 node=r1
2026-08-14T03:38:31Z evt=parse id=00218 node=r2
2026-08-14T03:39:31Z evt=route id=00219 node=r3
2026-08-14T03:40:31Z evt=ack id=00220 node=r0
2026-08-14T03:41:31Z evt=retry id=00221 node=r1
2026-08-14T03:42:31Z evt=flush id=00222 node=r2
2026-08-14T03:43:31Z evt=drop id=00223 node=r3
2026-08-14T03:44:31Z evt=ingest id=00224 node=r0
2026-08-14T03:45:31Z evt=parse id=00225 node=r1
2026-08-14T03:46:31Z evt=route id=00226 node=r2
2026-08-14T03:47:31Z evt=ack id=00227 node=r3
2026-08-14T03:48:31Z evt=retry id=00228 node=r0
2026-08-14T03:49:31Z evt=flush id=00229 node=r1
2026-08-14T03:50:31Z evt=drop id=00230 node=r2
2026-08-14T03:51:31Z evt=ingest id=00231 node=r3
2026-08-14T03:52:31Z evt=parse id=00232 node=r0
2026-08-14T03:53:31Z evt=route id=00233 node=r1
2026-08-14T03:54:31Z evt=ack id=00234 node=r2
2026-08-14T03:55:31Z evt=retry id=00235 node=r3
2026-08-14T03:56:31Z evt=flush id=00236 node=r0
2026-08-14T03:57:31Z evt=drop id=00237 node=r1
2026-08-14T03:58:31Z evt=ingest id=00238 node=r2
2026-08-14T03:59:31Z evt=parse id=00239 node=r3
2026-08-14T04:00:31Z evt=route id=00240 node=r0
2026-08-14T04:01:31Z evt=ack id=00241 node=r1
2026-08-14T04:02:31Z evt=retry id=00242 node=r2
2026-08-14T04:03:31Z evt=flush id=00243 node=r3
2026-08-14T04:04:31Z evt=drop id=00244 node=r0
2026-08-14T04:05:31Z evt=ingest id=00245 node=r1
2026-08-14T04:06:31Z evt=parse id=00246 node=r2
2026-08-14T04:07:31Z evt=route id=00247 node=r3
2026-08-14T04:08:31Z evt=ack id=00248 node=r0
2026-08-14T04:09:31Z evt=retry id=00249 node=r1
2026-08-14T04:10:31Z evt=flush id=00250 node=r2
2026-08-14T04:11:31Z evt=drop id=00251 node=r3
2026-08-14T04:12:31Z evt=ingest id=00252 node=r0
2026-08-14T04:13:31Z evt=parse id=00253 node=r1
2026-08-14T04:14:31Z evt=route id=00254 node=r2
2026-08-14T04:15:31Z evt=ack id=00255 node=r3
2026-08-14T04:16:31Z evt=retry id=00256 node=r0
2026-08-14T04:17:31Z evt=flush id=00257 node=r1
2026-08-14T04:18:31Z evt=drop id=00258 node=r2
2026-08-14T04:19:31Z evt=ingest id=00259 node=r3
2026-08-14T04:20:31Z evt=parse id=00260 node=r0
2026-08-14T04:21:31Z evt=route id=00261 node=r1
2026-08-14T04:22:31Z evt=ack id=00262 node=r2
2026-08-14T04:23:31Z evt=retry id=00263 node=r3
2026-08-14T04:24:31Z evt=flush id=00264 node=r0
2026-08-14T04:25:31Z evt=drop id=00265 node=r1
2026-08-14T04:26:31Z evt=ingest id=00266 node=r2
2026-08-14T04:27:31Z evt=parse id=00267 node=r3
2026-08-14T04:28:31Z evt=route id=00268 node=r0
2026-08-14T04:29:31Z evt=ack id=00269 node=r1
2026-08-14T04:30:31Z evt=retry id=00270 node=r2
2026-08-14T04:31:31Z evt=flush id=00271 node=r3
2026-08-14T04:32:31Z evt=drop id=00272 node=r0
2026-08-14T04:33:31Z evt=ingest id=00273 node=r1
2026-08-14T04:34:31Z evt=parse id=00274 node=r2
2026-08-14T04:35:31Z evt=route id=00275 node=r3
2026-08-14T04:36:31Z evt=ack id=00276 node=r0
2026-08-14T04:37:31Z evt=retry id=00277 node=r1
2026-08-14T04:38:31Z evt=flush id=00278 node=r2
2026-08-14T04:39:31Z evt=drop id=00279 node=r3
2026-08-14T04:40:31Z evt=ingest id=00280 node=r0
2026-08-14T04:41:31Z evt=parse id=00281 node=r1
2026-08-14T04:42:31Z evt=route id=00282 node=r2
2026-08-14T04:43:31Z evt=ack id=00283 node=r3
2026-08-14T04:44:31Z evt=retry id=00284 node=r0
2026-08-14T04:45:31Z evt=flush id=00285 node=r1
2026-08-14T04:46:31Z evt=drop id=00286 node=r2
2026-08-14T04:47:31Z evt=ingest id=00287 node=r3
2026-08-14T04:48:31Z evt=parse id=00288 node=r0
2026-08-14T04:49:31Z evt=route id=00289 node=r1
2026-08-14T04:50:31Z evt=ack id=00290 node=r2
2026-08-14T04:51:31Z evt=retry id=00291 node=r3
2026-08-14T04:52:31Z evt=flush id=00292 node=r0
2026-08-14T04:53:31Z evt=drop id=00293 node=r1
2026-08-14T04:54:31Z evt=ingest id=00294 node=r2
2026-08-14T04:55:31Z evt=parse id=00295 node=r3
2026-08-14T04:56:31Z evt=route id=00296 node=r0
2026-08-14T04:57:31Z evt=ack id=00297 node=r1
2026-08-14T04:58:31Z evt=retry id=00298 node=r2
2026-08-14T04:59:31Z evt=flush id=00299 node=r3
2026-08-14T05:00:31Z evt=drop id=00300 node=r0
2026-08-14T05:01:31Z evt=ingest id=00301 node=r1
2026-08-14T05:02:31Z evt=parse id=00302 node=r2
2026-08-14T05:03:31Z evt=route id=00303 node=r3
2026-08-14T05:04:31Z evt=ack id=00304 node=r0
2026-08-14T05:05:31Z evt=retry id=00305 node=r1
2026-08-14T05:06:31Z evt=flush id=00306 node=r2
2026-08-14T05:07:31Z evt=drop id=00307 node=r3
2026-08-14T05:08:31Z evt=ingest id=00308 node=r0
2026-08-14T05:09:31Z evt=parse id=00309 node=r1
2026-08-14T05:10:31Z evt=route id=00310 node=r2
2026-08-14T05:11:31Z evt=ack id=00311 node=r3
2026-08-14T05:12:31Z evt=retry id=00312 node=r0
2026-08-14T05:13:31Z evt=flush id=00313 node=r1
2026-08-14T05:14:31Z evt=drop id=00314 node=r2
2026-08-14T05:15:31Z evt=ingest id=00315 node=r3
2026-08-14T05:16:31Z evt=parse id=00316 node=r0
2026-08-14T05:17:31Z evt=route id=00317 node=r1
2026-08-14T05:18:31Z evt=ack id=00318 node=r2
2026-08-14T05:19:31Z evt=retry id=00319 node=r3
2026-08-14T05:20:31Z evt=flush id=00320 node=r0
2026-08-14T05:21:31Z evt=drop id=00321 node=r1
2026-08-14T05:22:31Z evt=ingest id=00322 node=r2
2026-08-14T05:23:31Z evt=parse id=00323 node=r3
2026-08-14T05:24:31Z evt=route id=00324 node=r0
2026-08-14T05:25:31Z evt=ack id=00325 node=r1
2026-08-14T05:26:31Z evt=retry id=00326 node=r2
2026-08-14T05:27:31Z evt=flush id=00327 node=r3
2026-08-14T05:28:31Z evt=drop id=00328 node=r0
2026-08-14T05:29:31Z evt=ingest id=00329 node=r1
2026-08-14T05:30:31Z evt=parse id=00330 node=r2
2026-08-14T05:31:31Z evt=route id=00331 node=r3
2026-08-14T05:32:31Z evt=ack id=00332 node=r0
2026-08-14T05:33:31Z evt=retry id=00333 node=r1
2026-08-14T05:34:31Z evt=flush id=00334 node=r2
2026-08-14T05:35:31Z evt=drop id=00335 node=r3
2026-08-14T05:36:31Z evt=ingest id=00336 node=r0
2026-08-14T05:37:31Z evt=parse id=00337 node=r1
2026-08-14T05:38:31Z evt=route id=00338 node=r2
2026-08-14T05:39:31Z evt=ack id=00339 node=r3
2026-08-14T05:40:31Z evt=retry id=00340 node=r0
2026-08-14T05:41:31Z evt=flush id=00341 node=r1
2026-08-14T05:42:31Z evt=drop id=00342 node=r2
2026-08-14T05:43:31Z evt=ingest id=00343 node=r3
2026-08-14T05:44:31Z evt=parse id=00344 node=r0
2026-08-14T05:45:31Z evt=route id=00345 node=r1
2026-08-14T05:46:31Z evt=ack id=00346 node=r2
2026-08-14T05:47:31Z evt=retry id=00347 node=r3
2026-08-14T05:48:31Z evt=flush id=00348 node=r0
2026-08-14T05:49:31Z evt=drop id=00349 node=r1
2026-08-14T05:50:31Z evt=ingest id=00350 node=r2
2026-08-14T05:51:31Z evt=parse id=00351 node=r3
2026-08-14T05:52:31Z evt=route id=00352 node=r0
2026-08-14T05:53:31Z evt=ack id=00353 node=r1
2026-08-14T05:54:31Z evt=retry id=00354 node=r2
2026-08-14T05:55:31Z evt=flush id=00355 node=r3
2026-08-14T05:56:31Z evt=drop id=00356 node=r0
2026-08-14T05:57:31Z evt=ingest id=00357 node=r1
2026-08-14T05:58:31Z evt=parse id=00358 node=r2
2026-08-14T05:59:31Z evt=route id=00359 node=r3
2026-08-14T06:00:31Z evt=ack id=00360 node=r0
2026-08-14T06:01:31Z evt=retry id=00361 node=r1
2026-08-14T06:02:31Z evt=flush id=00362 node=r2
2026-08-14T06:03:31Z evt=drop id=00363 node=r3
2026-08-14T06:04:31Z evt=ingest id=00364 node=r0
2026-08-14T06:05:31Z evt=parse id=00365 node=r1
2026-08-14T06:06:31Z evt=route id=00366 node=r2
2026-08-14T06:07:31Z evt=ack id=00367 node=r3
2026-08-14T06:08:31Z evt=retry id=00368 node=r0
2026-08-14T06:09:31Z evt=flush id=00369 node=r1
2026-08-14T06:10:31Z evt=drop id=00370 node=r2
2026-08-14T06:11:31Z evt=ingest id=00371 node=r3
2026-08-14T06:12:31Z evt=parse id=00372 node=r0
2026-08-14T06:13:31Z evt=route id=00373 node=r1
2026-08-14T06:14:31Z evt=ack id=00374 node=r2
2026-08-14T06:15:31Z evt=retry id=00375 node=r3
2026-08-14T06:16:31Z evt=flush id=00376 node=r0
2026-08-14T06:17:31Z evt=drop id=00377 node=r1
2026-08-14T06:18:31Z evt=ingest id=00378 node=r2
2026-08-14T06:19:31Z evt=parse id=00379 node=r3
2026-08-14T06:20:31Z evt=route id=00380 node=r0
2026-08-14T06:21:31Z evt=ack id=00381 node=r1
2026-08-14T06:22:31Z evt=retry id=00382 node=r2
2026-08-14T06:23:31Z evt=flush id=00383 node=r3
2026-08-14T06:24:31Z evt=drop id=00384 node=r0
2026-08-14T06:25:31Z evt=ingest id=00385 node=r1
2026-08-14T06:26:31Z evt=parse id=00386 node=r2
2026-08-14T06:27:31Z evt=route id=00387 node=r3
2026-08-14T06:28:31Z evt=ack id=00388 node=r0
2026-08-14T06:29:31Z evt=retry id=00389 node=r1
2026-08-14T06:30:31Z evt=flush id=00390 node=r2
2026-08-14T06:31:31Z evt=drop id=00391 node=r3
2026-08-14T06:32:31Z evt=ingest id=00392 node=r0
2026-08-14T06:33:31Z evt=parse id=00393 node=r1
2026-08-14T06:34:31Z evt=route id=00394 node=r2
2026-08-14T06:35:31Z evt=ack id=00395 node=r3
2026-08-14T06:36:31Z evt=retry id=00396 node=r0
2026-08-14T06:37:31Z evt=flush id=00397 node=r1
2026-08-14T06:38:31Z evt=drop id=00398 node=r2
2026-08-14T06:39:31Z evt=ingest id=00399 node=r3
2026-08-14T06:40:31Z evt=parse id=00400 node=r0
2026-08-14T06:41:31Z evt=route id=00401 node=r1
2026-08-14T06:42:31Z evt=ack id=00402 node=r2
2026-08-14T06:43:31Z evt=retry id=00403 node=r3
2026-08-14T06:44:31Z evt=flush id=00404 node=r0
2026-08-14T06:45:31Z evt=drop id=00405 node=r1
2026-08-14T06:46:31Z evt=ingest id=00406 node=r2
2026-08-14T06:47:31Z evt=parse id=00407 node=r3
2026-08-14T06:48:31Z evt=route id=00408 node=r0
2026-08-14T06:49:31Z evt=ack id=00409 node=r1
2026-08-14T06:50:31Z evt=retry id=00410 node=r2
2026-08-14T06:51:31Z evt=flush id=00411 node=r3
2026-08-14T06:52:31Z evt=drop id=00412 node=r0
2026-08-14T06:53:31Z evt=ingest id=00413 node=r1
2026-08-14T06:54:31Z evt=parse id=00414 node=r2
2026-08-14T06:55:31Z evt=route id=00415 node=r3
2026-08-14T06:56:31Z evt=ack id=00416 node=r0
2026-08-14T06:57:31Z evt=retry id=00417 node=r1
2026-08-14T06:58:31Z evt=flush id=00418 node=r2
2026-08-14T06:59:31Z evt=drop id=00419 node=r3
2026-08-14T07:00:31Z evt=ingest id=00420 node=r0
2026-08-14T07:01:31Z evt=parse id=00421 node=r1
2026-08-14T07:02:31Z evt=route id=00422 node=r2
2026-08-14T07:03:31Z evt=ack id=00423 node=r3
2026-08-14T07:04:31Z evt=retry id=00424 node=r0
2026-08-14T07:05:31Z evt=flush id=00425 node=r1
2026-08-14T07:06:31Z evt=drop id=00426 node=r2
2026-08-14T07:07:31Z evt=ingest id=00427 node=r3
2026-08-14T07:08:31Z evt=parse id=00428 node=r0
2026-08-14T07:09:31Z evt=route id=00429 node=r1
2026-08-14T07:10:31Z evt=ack id=00430 node=r2
2026-08-14T07:11:31Z evt=retry id=00431 node=r3
2026-08-14T07:12:31Z evt=flush id=00432 node=r0
2026-08-14T07:13:31Z evt=drop id=00433 node=r1
2026-08-14T07:14:31Z evt=ingest id=00434 node=r2
2026-08-14T07:15:31Z evt=parse id=00435 node=r3
2026-08-14T07:16:31Z evt=route id=00436 node=r0
2026-08-14T07:17:31Z evt=ack id=00437 node=r1
2026-08-14T07:18:31Z evt=retry id=00438 node=r2
2026-08-14T07:19:31Z evt=flush id=00439 node=r3
2026-08-14T07:20:31Z evt=drop id=00440 node=r0
2026-08-14T07:21:31Z evt=ingest id=00441 node=r1
2026-08-14T07:22:31Z evt=parse id=00442 node=r2
2026-08-14T07:23:31Z evt=route id=00443 node=r3
2026-08-14T07:24:31Z evt=ack id=00444 node=r0
2026-08-14T07:25:31Z evt=retry id=00445 node=r1
2026-08-14T07:26:31Z evt=flush id=00446 node=r2
2026-08-14T07:27:31Z evt=drop id=00447 node=r3
2026-08-14T07:28:31Z evt=ingest id=00448 node=r0
2026-08-14T07:29:31Z evt=parse id=00449 node=r1
2026-08-14T07:30:31Z evt=route id=00450 node=r2
2026-08-14T07:31:31Z evt=ack id=00451 node=r3
2026-08-14T07:32:31Z evt=retry id=00452 node=r0
2026-08-14T07:33:31Z evt=flush id=00453 node=r1
2026-08-14T07:34:31Z evt=drop id=00454 node=r2
2026-08-14T07:35:31Z evt=ingest id=00455 node=r3
2026-08-14T07:36:31Z evt=parse id=00456 node=r0
2026-08-14T07:37:31Z evt=route id=00457 node=r1
2026-08-14T07:38:31Z evt=ack id=00458 node=r2
2026-08-14T07:39:31Z evt=retry id=00459 node=r3
2026-08-14T07:40:31Z evt=flush id=00460 node=r0
2026-08-14T07:41:31Z evt=drop id=00461 node=r1
2026-08-14T07:42:31Z evt=ingest id=00462 node=r2
2026-08-14T07:43:31Z evt=parse id=00463 node=r3
2026-08-14T07:44:31Z evt=route id=00464 node=r0
2026-08-14T07:45:31Z evt=ack id=00465 node=r1
2026-08-14T07:46:31Z evt=retry id=00466 node=r2
2026-08-14T07:47:31Z evt=flush id=00467 node=r3
2026-08-14T07:48:31Z evt=drop id=00468 node=r0
2026-08-14T07:49:31Z evt=ingest id=00469 node=r1
2026-08-14T07:50:31Z evt=parse id=00470 node=r2
2026-08-14T07:51:31Z evt=route id=00471 node=r3
2026-08-14T07:52:31Z evt=ack id=00472 node=r0
2026-08-14T07:53:31Z evt=retry id=00473 node=r1
2026-08-14T07:54:31Z evt=flush id=00474 node=r2
2026-08-14T07:55:31Z evt=drop id=00475 node=r3
2026-08-14T07:56:31Z evt=ingest id=00476 node=r0
2026-08-14T07:57:31Z evt=parse id=00477 node=r1
2026-08-14T07:58:31Z evt=route id=00478 node=r2
2026-08-14T07:59:31Z evt=ack id=00479 node=r3
2026-08-14T08:00:31Z evt=retry id=00480 node=r0
2026-08-14T08:01:31Z evt=flush id=00481 node=r1
2026-08-14T08:02:31Z evt=drop id=00482 node=r2
2026-08-14T08:03:31Z evt=ingest id=00483 node=r3
2026-08-14T08:04:31Z evt=parse id=00484 node=r0
2026-08-14T08:05:31Z evt=route id=00485 node=r1
2026-08-14T08:06:31Z evt=ack id=00486 node=r2
2026-08-14T08:07:31Z evt=retry id=00487 node=r3
2026-08-14T08:08:31Z evt=flush id=00488 node=r0
2026-08-14T08:09:31Z evt=drop id=00489 node=r1
2026-08-14T08:10:31Z evt=ingest id=00490 node=r2
2026-08-14T08:11:31Z evt=parse id=00491 node=r3
2026-08-14T08:12:31Z evt=route id=00492 node=r0
2026-08-14T08:13:31Z evt=ack id=00493 node=r1
2026-08-14T08:14:31Z evt=retry id=00494 node=r2
2026-08-14T08:15:31Z evt=flush id=00495 node=r3
2026-08-14T08:16:31Z evt=drop id=00496 node=r0
2026-08-14T08:17:31Z evt=ingest id=00497 node=r1
2026-08-14T08:18:31Z evt=parse id=00498 node=r2
2026-08-14T08:19:31Z evt=route id=00499 node=r3
2026-08-14T08:20:31Z evt=ack id=00500 node=r0
2026-08-14T08:21:31Z evt=retry id=00501 node=r1
2026-08-14T08:22:31Z evt=flush id=00502 node=r2
2026-08-14T08:23:31Z evt=drop id=00503 node=r3
2026-08-14T08:24:31Z evt=ingest id=00504 node=r0
2026-08-14T08:25:31Z evt=parse id=00505 node=r1
2026-08-14T08:26:31Z evt=route id=00506 node=r2
2026-08-14T08:27:31Z evt=ack id=00507 node=r3
2026-08-14T08:28:31Z evt=retry id=00508 node=r0
2026-08-14T08:29:31Z evt=flush id=00509 node=r1
2026-08-14T08:30:31Z evt=drop id=00510 node=r2
2026-08-14T08:31:31Z evt=ingest id=00511 node=r3
2026-08-14T08:32:31Z evt=parse id=00512 node=r0
2026-08-14T08:33:31Z evt=route id=00513 node=r1
2026-08-14T08:34:31Z evt=ack id=00514 node=r2
2026-08-14T08:35:31Z evt=retry id=00515 node=r3
2026-08-14T08:36:31Z evt=flush id=00516 node=r0
2026-08-14T08:37:31Z evt=drop id=00517 node=r1
2026-08-14T08:38:31Z evt=ingest id=00518 node=r2
2026-08-14T08:39:31Z evt=parse id=00519 node=r3
2026-08-14T08:40:31Z evt=route id=00520 node=r0
2026-08-14T08:41:31Z evt=ack id=00521 node=r1
2026-08-14T08:42:31Z evt=retry id=00522 node=r2
2026-08-14T08:43:31Z evt=flush id=00523 node=r3
2026-08-14T08:44:31Z evt=drop id=00524 node=r0
2026-08-14T08:45:31Z evt=ingest id=00525 node=r1
2026-08-14T08:46:31Z evt=parse id=00526 node=r2
2026-08-14T08:47:31Z evt=route id=00527 node=r3
2026-08-14T08:48:31Z evt=ack id=00528 node=r0
2026-08-14T08:49:31Z evt=retry id=00529 node=r1
2026-08-14T08:50:31Z evt=flush id=00530 node=r2
2026-08-14T08:51:31Z evt=drop id=00531 node=r3
2026-08-14T08:52:31Z evt=ingest id=00532 node=r0
2026-08-14T08:53:31Z evt=parse id=00533 node=r1
2026-08-14T08:54:31Z evt=route id=00534 node=r2
2026-08-14T08:55:31Z evt=ack id=00535 node=r3
2026-08-14T08:56:31Z evt=retry id=00536 node=r0
2026-08-14T08:57:31Z evt=flush id=00537 node=r1
2026-08-14T08:58:31Z evt=drop id=00538 node=r2
2026-08-14T08:59:31Z evt=ingest id=00539 node=r3
2026-08-14T09:00:31Z evt=parse id=00540 node=r0
2026-08-14T09:01:31Z evt=route id=00541 node=r1
2026-08-14T09:02:31Z evt=ack id=00542 node=r2
2026-08-14T09:03:31Z evt=retry id=00543 node=r3
2026-08-14T09:04:31Z evt=flush id=00544 node=r0
2026-08-14T09:05:31Z evt=drop id=00545 node=r1
2026-08-14T09:06:31Z evt=ingest id=00546 node=r2
2026-08-14T09:07:31Z evt=parse id=00547 node=r3
2026-08-14T09:08:31Z evt=route id=00548 node=r0
2026-08-14T09:09:31Z evt=ack id=00549 node=r1
2026-08-14T09:10:31Z evt=retry id=00550 node=r2
2026-08-14T09:11:31Z evt=flush id=00551 node=r3
2026-08-14T09:12:31Z evt=drop id=00552 node=r0
2026-08-14T09:13:31Z evt=ingest id=00553 node=r1
2026-08-14T09:14:31Z evt=parse id=00554 node=r2
2026-08-14T09:15:31Z evt=route id=00555 node=r3
2026-08-14T09:16:31Z evt=ack id=00556 node=r0
2026-08-14T09:17:31Z evt=retry id=00557 node=r1
2026-08-14T09:18:31Z evt=flush id=00558 node=r2
2026-08-14T09:19:31Z evt=drop id=00559 node=r3
2026-08-14T09:20:31Z evt=ingest id=00560 node=r0
2026-08-14T09:21:31Z evt=parse id=00561 node=r1
2026-08-14T09:22:31Z evt=route id=00562 node=r2
2026-08-14T09:23:31Z evt=ack id=00563 node=r3
2026-08-14T09:24:31Z evt=retry id=00564 node=r0
2026-08-14T09:25:31Z evt=flush id=00565 node=r1
2026-08-14T09:26:31Z evt=drop id=00566 node=r2
2026-08-14T09:27:31Z evt=ingest id=00567 node=r3
2026-08-14T09:28:31Z evt=parse id=00568 node=r0
2026-08-14T09:29:31Z evt=route id=00569 node=r1
2026-08-14T09:30:31Z evt=ack id=00570 node=r2
2026-08-14T09:31:31Z evt=retry id=00571 node=r3
2026-08-14T09:32:31Z evt=flush id=00572 node=r0
2026-08-14T09:33:31Z evt=drop id=00573 node=r1
2026-08-14T09:34:31Z evt=ingest id=00574 node=r2
2026-08-14T09:35:31Z evt=parse id=00575 node=r3
2026-08-14T09:36:31Z evt=route id=00576 node=r0
2026-08-14T09:37:31Z evt=ack id=00577 node=r1
2026-08-14T09:38:31Z evt=retry id=00578 node=r2
2026-08-14T09:39:31Z evt=flush id=00579 node=r3
2026-08-14T09:40:31Z evt=drop id=00580 node=r0
2026-08-14T09:41:31Z evt=ingest id=00581 node=r1
2026-08-14T09:42:31Z evt=parse id=00582 node=r2
2026-08-14T09:43:31Z evt=route id=00583 node=r3
2026-08-14T09:44:31Z evt=ack id=00584 node=r0
2026-08-14T09:45:31Z evt=retry id=00585 node=r1
2026-08-14T09:46:31Z evt=flush id=00586 node=r2
2026-08-14T09:47:31Z evt=drop id=00587 node=r3
2026-08-14T09:48:31Z evt=ingest id=00588 node=r0
2026-08-14T09:49:31Z evt=parse id=00589 node=r1
2026-08-14T09:50:31Z evt=route id=00590 node=r2
2026-08-14T09:51:31Z evt=ack id=00591 node=r3
2026-08-14T09:52:31Z evt=retry id=00592 node=r0
2026-08-14T09:53:31Z evt=flush id=00593 node=r1
2026-08-14T09:54:31Z evt=drop id=00594 node=r2
2026-08-14T09:55:31Z evt=ingest id=00595 node=r3
2026-08-14T09:56:31Z evt=parse id=00596 node=r0
2026-08-14T09:57:31Z evt=route id=00597 node=r1
2026-08-14T09:58:31Z evt=ack id=00598 node=r2
2026-08-14T09:59:31Z evt=retry id=00599 node=r3
2026-08-14T10:00:31Z evt=flush id=00600 node=r0
2026-08-14T10:01:31Z evt=drop id=00601 node=r1
2026-08-14T10:02:31Z evt=ingest id=00602 node=r2
2026-08-14T10:03:31Z evt=parse id=00603 node=r3
2026-08-14T10:04:31Z evt=route id=00604 node=r0
2026-08-14T10:05:31Z evt=ack id=00605 node=r1
2026-08-14T10:06:31Z evt=retry id=00606 node=r2
2026-08-14T10:07:31Z evt=flush id=00607 node=r3
2026-08-14T10:08:31Z evt=drop id=00608 node=r0
2026-08-14T10:09:31Z evt=ingest id=00609 node=r1
2026-08-14T10:10:31Z evt=parse id=00610 node=r2
2026-08-14T10:11:31Z evt=route id=00611 node=r3
2026-08-14T10:12:31Z evt=ack id=00612 node=r0
2026-08-14T10:13:31Z evt=retry id=00613 node=r1
2026-08-14T10:14:31Z evt=flush id=00614 node=r2
2026-08-14T10:15:31Z evt=drop id=00615 node=r3
2026-08-14T10:16:31Z evt=ingest id=00616 node=r0
2026-08-14T10:17:31Z evt=parse id=00617 node=r1
2026-08-14T10:18:31Z evt=route id=00618 node=r2
2026-08-14T10:19:31Z evt=ack id=00619 node=r3
2026-08-14T10:20:31Z evt=retry id=00620 node=r0
2026-08-14T10:21:31Z evt=flush id=00621 node=r1
2026-08-14T10:22:31Z evt=drop id=00622 node=r2
2026-08-14T10:23:31Z evt=ingest id=00623 node=r3
2026-08-14T10:24:31Z evt=parse id=00624 node=r0
2026-08-14T10:25:31Z evt=route id=00625 node=r1
2026-08-14T10:26:31Z evt=ack id=00626 node=r2
2026-08-14T10:27:31Z evt=retry id=00627 node=r3
2026-08-14T10:28:31Z evt=flush id=00628 node=r0
2026-08-14T10:29:31Z evt=drop id=00629 node=r1
2026-08-14T10:30:31Z evt=ingest id=00630 node=r2
2026-08-14T10:31:31Z evt=parse id=00631 node=r3
2026-08-14T10:32:31Z evt=route id=00632 node=r0
2026-08-14T10:33:31Z evt=ack id=00633 node=r1
2026-08-14T10:34:31Z evt=retry id=00634 node=r2
2026-08-14T10:35:31Z evt=flush id=00635 node=r3
2026-08-14T10:36:31Z evt=drop id=00636 node=r0
2026-08-14T10:37:31Z evt=ingest id=00637 node=r1
2026-08-14T10:38:31Z evt=parse id=00638 node=r2
2026-08-14T10:39:31Z evt=route id=00639 node=r3
2026-08-14T10:40:31Z evt=ack id=00640 node=r0
2026-08-14T10:41:31Z evt=retry id=00641 node=r1
2026-08-14T10:42:31Z evt=flush id=00642 node=r2
2026-08-14T10:43:31Z evt=drop id=00643 node=r3
2026-08-14T10:44:31Z evt=ingest id=00644 node=r0
2026-08-14T10:45:31Z evt=parse id=00645 node=r1
2026-08-14T10:46:31Z evt=route id=00646 node=r2
2026-08-14T10:47:31Z evt=ack id=00647 node=r3
2026-08-14T10:48:31Z evt=retry id=00648 node=r0
2026-08-14T10:49:31Z evt=flush id=00649 node=r1
2026-08-14T10:50:31Z evt=drop id=00650 node=r2
2026-08-14T10:51:31Z evt=ingest id=00651 node=r3
2026-08-14T10:52:31Z evt=parse id=00652 node=r0
2026-08-14T10:53:31Z evt=route id=00653 node=r1
2026-08-14T10:54:31Z evt=ack id=00654 node=r2
2026-08-14T10:55:31Z evt=retry id=00655 node=r3
2026-08-14T10:56:31Z evt=flush id=00656 node=r0
2026-08-14T10:57:31Z evt=drop id=00657 node=r1
2026-08-14T10:58:31Z evt=ingest id=00658 node=r2
2026-08-14T10:59:31Z evt=parse id=00659 node=r3
2026-08-14T11:00:31Z evt=route id=00660 node=r0
2026-08-14T11:01:31Z evt=ack id=00661 node=r1
2026-08-14T11:02:31Z evt=retry id=00662 node=r2
2026-08-14T11:03:31Z evt=flush id=00663 node=r3
2026-08-14T11:04:31Z evt=drop id=00664 node=r0
2026-08-14T11:05:31Z evt=ingest id=00665 node=r1
2026-08-14T11:06:31Z evt=parse id=00666 node=r2
2026-08-14T11:07:31Z evt=route id=00667 node=r3
2026-08-14T11:08:31Z evt=ack id=00668 node=r0
2026-08-14T11:09:31Z evt=retry id=00669 node=r1
2026-08-14T11:10:31Z evt=flush id=00670 node=r2
2026-08-14T11:11:31Z evt=drop id=00671 node=r3
2026-08-14T11:12:31Z evt=ingest id=00672 node=r0
2026-08-14T11:13:31Z evt=parse id=00673 node=r1
2026-08-14T11:14:31Z evt=route id=00674 node=r2
2026-08-14T11:15:31Z evt=ack id=00675 node=r3
2026-08-14T11:16:31Z evt=retry id=00676 node=r0
2026-08-14T11:17:31Z evt=flush id=00677 node=r1
2026-08-14T11:18:31Z evt=drop id=00678 node=r2
2026-08-14T11:19:31Z evt=ingest id=00679 node=r3
2026-08-14T11:20:31Z evt=parse id=00680 node=r0
2026-08-14T11:21:31Z evt=route id=00681 node=r1
2026-08-14T11:22:31Z evt=ack id=00682 node=r2
2026-08-14T11:23:31Z evt=retry id=00683 node=r3
2026-08-14T11:24:31Z evt=flush id=00684 node=r0
2026-08-14T11:25:31Z evt=drop id=00685 node=r1
2026-08-14T11:26:31Z evt=ingest id=00686 node=r2
2026-08-14T11:27:31Z evt=parse id=00687 node=r3
2026-08-14T11:28:31Z evt=route id=00688 node=r0
2026-08-14T11:29:31Z evt=ack id=00689 node=r1
2026-08-14T11:30:31Z evt=retry id=00690 node=r2
2026-08-14T11:31:31Z evt=flush id=00691 node=r3
2026-08-14T11:32:31Z evt=drop id=00692 node=r0
2026-08-14T11:33:31Z evt=ingest id=00693 node=r1
2026-08-14T11:34:31Z evt=parse id=00694 node=r2
2026-08-14T11:35:31Z evt=route id=00695 node=r3
2026-08-14T11:36:31Z evt=ack id=00696 node=r0
2026-08-14T11:37:31Z evt=retry id=00697 node=r1
2026-08-14T11:38:31Z evt=flush id=00698 node=r2
2026-08-14T11:39:31Z evt=drop id=00699 node=r3
2026-08-14T11:40:31Z evt=ingest id=00700 node=r0
2026-08-14T11:41:31Z evt=parse id=00701 node=r1
2026-08-14T11:42:31Z evt=route id=00702 node=r2
2026-08-14T11:43:31Z evt=ack id=00703 node=r3
2026-08-14T11:44:31Z evt=retry id=00704 node=r0
2026-08-14T11:45:31Z evt=flush id=00705 node=r1
2026-08-14T11:46:31Z evt=drop id=00706 node=r2
2026-08-14T11:47:31Z evt=ingest id=00707 node=r3
2026-08-14T11:48:31Z evt=parse id=00708 node=r0
2026-08-14T11:49:31Z evt=route id=00709 node=r1
2026-08-14T11:50:31Z evt=ack id=00710 node=r2
2026-08-14T11:51:31Z evt=retry id=00711 node=r3
2026-08-14T11:52:31Z evt=flush id=00712 node=r0
2026-08-14T11:53:31Z evt=drop id=00713 node=r1
2026-08-14T11:54:31Z evt=ingest id=00714 node=r2
2026-08-14T11:55:31Z evt=parse id=00715 node=r3
2026-08-14T11:56:31Z evt=route id=00716 node=r0
2026-08-14T11:57:31Z evt=ack id=00717 node=r1
2026-08-14T11:58:31Z evt=retry id=00718 node=r2
2026-08-14T11:59:31Z evt=flush id=00719 node=r3
2026-08-14T12:00:31Z evt=drop id=00720 node=r0
2026-08-14T12:01:31Z evt=ingest id=00721 node=r1
2026-08-14T12:02:31Z evt=parse id=00722 node=r2
2026-08-14T12:03:31Z evt=route id=00723 node=r3
2026-08-14T12:04:31Z evt=ack id=00724 node=r0
2026-08-14T12:05:31Z evt=retry id=00725 node=r1
2026-08-14T12:06:31Z evt=flush id=00726 node=r2
2026-08-14T12:07:31Z evt=drop id=00727 node=r3
2026-08-14T12:08:31Z evt=ingest id=00728 node=r0
2026-08-14T12:09:31Z evt=parse id=00729 node=r1
2026-08-14T12:10:31Z evt=route id=00730 node=r2
2026-08-14T12:11:31Z evt=ack id=00731 node=r3
2026-08-14T12:12:31Z evt=retry id=00732 node=r0
2026-08-14T12:13:31Z evt=flush id=00733 node=r1
2026-08-14T12:14:31Z evt=drop id=00734 node=r2
2026-08-14T12:15:31Z evt=ingest id=00735 node=r3
2026-08-14T12:16:31Z evt=parse id=00736 node=r0
2026-08-14T12:17:31Z evt=route id=00737 node=r1
2026-08-14T12:18:31Z evt=ack id=00738 node=r2
2026-08-14T12:19:31Z evt=retry id=00739 node=r3
2026-08-14T12:20:31Z evt=flush id=00740 node=r0
2026-08-14T12:21:31Z evt=drop id=00741 node=r1
2026-08-14T12:22:31Z evt=ingest id=00742 node=r2
2026-08-14T12:23:31Z evt=parse id=00743 node=r3
2026-08-14T12:24:31Z evt=route id=00744 node=r0
2026-08-14T12:25:31Z evt=ack id=00745 node=r1
2026-08-14T12:26:31Z evt=retry id=00746 node=r2
2026-08-14T12:27:31Z evt=flush id=00747 node=r3
2026-08-14T12:28:31Z evt=drop id=00748 node=r0
2026-08-14T12:29:31Z evt=ingest id=00749 node=r1
2026-08-14T12:30:31Z evt=parse id=00750 node=r2
2026-08-14T12:31:31Z evt=route id=00751 node=r3
2026-08-14T12:32:31Z evt=ack id=00752 node=r0
2026-08-14T12:33:31Z evt=retry id=00753 node=r1
2026-08-14T12:34:31Z evt=flush id=00754 node=r2
2026-08-14T12:35:31Z evt=drop id=00755 node=r3
2026-08-14T12:36:31Z evt=ingest id=00756 node=r0
2026-08-14T12:37:31Z evt=parse id=00757 node=r1
2026-08-14T12:38:31Z evt=route id=00758 node=r2
2026-08-14T12:39:31Z evt=ack id=00759 node=r3
2026-08-14T12:40:31Z evt=retry id=00760 node=r0
2026-08-14T12:41:31Z evt=flush id=00761 node=r1
2026-08-14T12:42:31Z evt=drop id=00762 node=r2
2026-08-14T12:43:31Z evt=ingest id=00763 node=r3
2026-08-14T12:44:31Z evt=parse id=00764 node=r0
2026-08-14T12:45:31Z evt=route id=00765 node=r1
2026-08-14T12:46:31Z evt=ack id=00766 node=r2
2026-08-14T12:47:31Z evt=retry id=00767 node=r3
2026-08-14T12:48:31Z evt=flush id=00768 node=r0
2026-08-14T12:49:31Z evt=drop id=00769 node=r1
2026-08-14T12:50:31Z evt=ingest id=00770 node=r2
2026-08-14T12:51:31Z evt=parse id=00771 node=r3
2026-08-14T12:52:31Z evt=route id=00772 node=r0
2026-08-14T12:53:31Z evt=ack id=00773 node=r1
2026-08-14T12:54:31Z evt=retry id=00774 node=r2
2026-08-14T12:55:31Z evt=flush id=00775 node=r3
2026-08-14T12:56:31Z evt=drop id=00776 node=r0
2026-08-14T12:57:31Z evt=ingest id=00777 node=r1
2026-08-14T12:58:31Z evt=parse id=00778 node=r2
2026-08-14T12:59:31Z evt=route id=00779 node=r3
2026-08-14T13:00:31Z evt=ack id=00780 node=r0
2026-08-14T13:01:31Z evt=retry id=00781 node=r1
2026-08-14T13:02:31Z evt=flush id=00782 node=r2
2026-08-14T13:03:31Z evt=drop id=00783 node=r3
2026-08-14T13:04:31Z evt=ingest id=00784 node=r0
2026-08-14T13:05:31Z evt=parse id=00785 node=r1
2026-08-14T13:06:31Z evt=route id=00786 node=r2
2026-08-14T13:07:31Z evt=ack id=00787 node=r3
2026-08-14T13:08:31Z evt=retry id=00788 node=r0
2026-08-14T13:09:31Z evt=flush id=00789 node=r1
2026-08-14T13:10:31Z evt=drop id=00790 node=r2
2026-08-14T13:11:31Z evt=ingest id=00791 node=r3
2026-08-14T13:12:31Z evt=parse id=00792 node=r0
2026-08-14T13:13:31Z evt=route id=00793 node=r1
2026-08-14T13:14:31Z evt=ack id=00794 node=r2
2026-08-14T13:15:31Z evt=retry id=00795 node=r3
2026-08-14T13:16:31Z evt=flush id=00796 node=r0
2026-08-14T13:17:31Z evt=drop id=00797 node=r1
2026-08-14T13:18:31Z evt=ingest id=00798 node=r2
2026-08-14T13:19:31Z evt=parse id=00799 node=r3
2026-08-14T13:20:31Z evt=route id=00800 node=r0
2026-08-14T13:21:31Z evt=ack id=00801 node=r1
2026-08-14T13:22:31Z evt=retry id=00802 node=r2
2026-08-14T13:23:31Z evt=flush id=00803 node=r3
2026-08-14T13:24:31Z evt=drop id=00804 node=r0
2026-08-14T13:25:31Z evt=ingest id=00805 node=r1
2026-08-14T13:26:31Z evt=parse id=00806 node=r2
2026-08-14T13:27:31Z evt=route id=00807 node=r3
2026-08-14T13:28:31Z evt=ack id=00808 node=r0
2026-08-14T13:29:31Z evt=retry id=00809 node=r1
2026-08-14T13:30:31Z evt=flush id=00810 node=r2
2026-08-14T13:31:31Z evt=drop id=00811 node=r3
2026-08-14T13:32:31Z evt=ingest id=00812 node=r0
2026-08-14T13:33:31Z evt=parse id=00813 node=r1
2026-08-14T13:34:31Z evt=route id=00814 node=r2
2026-08-14T13:35:31Z evt=ack id=00815 node=r3
2026-08-14T13:36:31Z evt=retry id=00816 node=r0
2026-08-14T13:37:31Z evt=flush id=00817 node=r1
2026-08-14T13:38:31Z evt=drop id=00818 node=r2
2026-08-14T13:39:31Z evt=ingest id=00819 node=r3
2026-08-14T13:40:31Z evt=parse id=00820 node=r0
2026-08-14T13:41:31Z evt=route id=00821 node=r1
2026-08-14T13:42:31Z evt=ack id=00822 node=r2
2026-08-14T13:43:31Z evt=retry id=00823 node=r3
2026-08-14T13:44:31Z evt=flush id=00824 node=r0
2026-08-14T13:45:31Z evt=drop id=00825 node=r1
2026-08-14T13:46:31Z evt=ingest id=00826 node=r2
2026-08-14T13:47:31Z evt=parse id=00827 node=r3
2026-08-14T13:48:31Z evt=route id=00828 node=r0
2026-08-14T13:49:31Z evt=ack id=00829 node=r1
2026-08-14T13:50:31Z evt=retry id=00830 node=r2
2026-08-14T13:51:31Z evt=flush id=00831 node=r3
2026-08-14T13:52:31Z evt=drop id=00832 node=r0
2026-08-14T13:53:31Z evt=ingest id=00833 node=r1
2026-08-14T13:54:31Z evt=parse id=00834 node=r2
2026-08-14T13:55:31Z evt=route id=00835 node=r3
2026-08-14T13:56:31Z evt=ack id=00836 node=r0
2026-08-14T13:57:31Z evt=retry id=00837 node=r1
2026-08-14T13:58:31Z evt=flush id=00838 node=r2
2026-08-14T13:59:31Z evt=drop id=00839 node=r3
2026-08-14T14:00:31Z evt=ingest id=00840 node=r0
2026-08-14T14:01:31Z evt=parse id=00841 node=r1
2026-08-14T14:02:31Z evt=route id=00842 node=r2
2026-08-14T14:03:31Z evt=ack id=00843 node=r3
2026-08-14T14:04:31Z evt=retry id=00844 node=r0
2026-08-14T14:05:31Z evt=flush id=00845 node=r1
2026-08-14T14:06:31Z evt=drop id=00846 node=r2
2026-08-14T14:07:31Z evt=ingest id=00847 node=r3
2026-08-14T14:08:31Z evt=parse id=00848 node=r0
2026-08-14T14:09:31Z evt=route id=00849 node=r1
2026-08-14T14:10:31Z evt=ack id=00850 node=r2
2026-08-14T14:11:31Z evt=retry id=00851 node=r3
2026-08-14T14:12:31Z evt=flush id=00852 node=r0
2026-08-14T14:13:31Z evt=drop id=00853 node=r1
2026-08-14T14:14:31Z evt=ingest id=00854 node=r2
2026-08-14T14:15:31Z evt=parse id=00855 node=r3
2026-08-14T14:16:31Z evt=route id=00856 node=r0
2026-08-14T14:17:31Z evt=ack id=00857 node=r1
2026-08-14T14:18:31Z evt=retry id=00858 node=r2
2026-08-14T14:19:31Z evt=flush id=00859 node=r3
2026-08-14T14:20:31Z evt=drop id=00860 node=r0
2026-08-14T14:21:31Z evt=ingest id=00861 node=r1
2026-08-14T14:22:31Z evt=parse id=00862 node=r2
2026-08-14T14:23:31Z evt=route id=00863 node=r3
2026-08-14T14:24:31Z evt=ack id=00864 node=r0
2026-08-14T14:25:31Z evt=retry id=00865 node=r1
2026-08-14T14:26:31Z evt=flush id=00866 node=r2
2026-08-14T14:27:31Z evt=drop id=00867 node=r3
2026-08-14T14:28:31Z evt=ingest id=00868 node=r0
2026-08-14T14:29:31Z evt=parse id=00869 node=r1
2026-08-14T14:30:31Z evt=route id=00870 node=r2
2026-08-14T14:31:31Z evt=ack id=00871 node=r3
2026-08-14T14:32:31Z evt=retry id=00872 node=r0
2026-08-14T14:33:31Z evt=flush id=00873 node=r1
2026-08-14T14:34:31Z evt=drop id=00874 node=r2
2026-08-14T14:35:31Z evt=ingest id=00875 node=r3
2026-08-14T14:36:31Z evt=parse id=00876 node=r0
2026-08-14T14:37:31Z evt=route id=00877 node=r1
2026-08-14T14:38:31Z evt=ack id=00878 node=r2
2026-08-14T14:39:31Z evt=retry id=00879 node=r3
2026-08-14T14:40:31Z evt=flush id=00880 node=r0
2026-08-14T14:41:31Z evt=drop id=00881 node=r1
2026-08-14T14:42:31Z evt=ingest id=00882 node=r2
2026-08-14T14:43:31Z evt=parse id=00883 node=r3
2026-08-14T14:44:31Z evt=route id=00884 node=r0
2026-08-14T14:45:31Z evt=ack id=00885 node=r1
2026-08-14T14:46:31Z evt=retry id=00886 node=r2
2026-08-14T14:47:31Z evt=flush id=00887 node=r3
2026-08-14T14:48:31Z evt=drop id=00888 node=r0
2026-08-14T14:49:31Z evt=ingest id=00889 node=r1
2026-08-14T14:50:31Z evt=parse id=00890 node=r2
2026-08-14T14:51:31Z evt=route id=00891 node=r3
2026-08-14T14:52:31Z evt=ack id=00892 node=r0
2026-08-14T14:53:31Z evt=retry id=00893 node=r1
2026-08-14T14:54:31Z evt=flush id=00894 node=r2
2026-08-14T14:55:31Z evt=drop id=00895 node=r3
2026-08-14T14:56:31Z evt=ingest id=00896 node=r0
2026-08-14T14:57:31Z evt=parse id=00897 node=r1
2026-08-14T14:58:31Z evt=route id=00898 node=r2
2026-08-14T14:59:31Z evt=ack id=00899 node=r3
2026-08-14T15:00:31Z evt=retry id=00900 node=r0
2026-08-14T15:01:31Z evt=flush id=00901 node=r1
2026-08-14T15:02:31Z evt=drop id=00902 node=r2
2026-08-14T15:03:31Z evt=ingest id=00903 node=r3
2026-08-14T15:04:31Z evt=parse id=00904 node=r0
2026-08-14T15:05:31Z evt=route id=00905 node=r1
2026-08-14T15:06:31Z evt=ack id=00906 node=r2
2026-08-14T15:07:31Z evt=retry id=00907 node=r3
2026-08-14T15:08:31Z evt=flush id=00908 node=r0
2026-08-14T15:09:31Z evt=drop id=00909 node=r1
2026-08-14T15:10:31Z evt=ingest id=00910 node=r2
2026-08-14T15:11:31Z evt=parse id=00911 node=r3
2026-08-14T15:12:31Z evt=route id=00912 node=r0
2026-08-14T15:13:31Z evt=ack id=00913 node=r1
2026-08-14T15:14:31Z evt=retry id=00914 node=r2
2026-08-14T15:15:31Z evt=flush id=00915 node=r3
2026-08-14T15:16:31Z evt=drop id=00916 node=r0
2026-08-14T15:17:31Z evt=ingest id=00917 node=r1
2026-08-14T15:18:31Z evt=parse id=00918 node=r2
2026-08-14T15:19:31Z evt=route id=00919 node=r3
2026-08-14T15:20:31Z evt=ack id=00920 node=r0
2026-08-14T15:21:31Z evt=retry id=00921 node=r1
2026-08-14T15:22:31Z evt=flush id=00922 node=r2
2026-08-14T15:23:31Z evt=drop id=00923 node=r3
2026-08-14T15:24:31Z evt=ingest id=00924 node=r0
2026-08-14T15:25:31Z evt=parse id=00925 node=r1
2026-08-14T15:26:31Z evt=route id=00926 node=r2
2026-08-14T15:27:31Z evt=ack id=00927 node=r3
2026-08-14T15:28:31Z evt=retry id=00928 node=r0
2026-08-14T15:29:31Z evt=flush id=00929 node=r1
2026-08-14T15:30:31Z evt=drop id=00930 node=r2
2026-08-14T15:31:31Z evt=ingest id=00931 node=r3
2026-08-14T15:32:31Z evt=parse id=00932 node=r0
2026-08-14T15:33:31Z evt=route id=00933 node=r1
2026-08-14T15:34:31Z evt=ack id=00934 node=r2
2026-08-14T15:35:31Z evt=retry id=00935 node=r3
2026-08-14T15:36:31Z evt=flush id=00936 node=r0
2026-08-14T15:37:31Z evt=drop id=00937 node=r1
2026-08-14T15:38:31Z evt=ingest id=00938 node=r2
2026-08-14T15:39:31Z evt=parse id=00939 node=r3
2026-08-14T15:40:31Z evt=route id=00940 node=r0
2026-08-14T15:41:31Z evt=ack id=00941 node=r1
2026-08-14T15:42:31Z evt=retry id=00942 node=r2
2026-08-14T15:43:31Z evt=flush id=00943 node=r3
2026-08-14T15:44:31Z evt=drop id=00944 node=r0
2026-08-14T15:45:31Z evt=ingest id=00945 node=r1
2026-08-14T15:46:31Z evt=parse id=00946 node=r2
2026-08-14T15:47:31Z evt=route id=00947 node=r3
2026-08-14T15:48:31Z evt=ack id=00948 node=r0
2026-08-14T15:49:31Z evt=retry id=00949 node=r1
2026-08-14T15:50:31Z evt=flush id=00950 node=r2
2026-08-14T15:51:31Z evt=drop id=00951 node=r3
2026-08-14T15:52:31Z evt=ingest id=00952 node=r0
2026-08-14T15:53:31Z evt=parse id=00953 node=r1
2026-08-14T15:54:31Z evt=route id=00954 node=r2
2026-08-14T15:55:31Z evt=ack id=00955 node=r3
2026-08-14T15:56:31Z evt=retry id=00956 node=r0
2026-08-14T15:57:31Z evt=flush id=00957 node=r1
2026-08-14T15:58:31Z evt=drop id=00958 node=r2
2026-08-14T15:59:31Z evt=ingest id=00959 node=r3
2026-08-14T16:00:31Z evt=parse id=00960 node=r0
2026-08-14T16:01:31Z evt=route id=00961 node=r1
2026-08-14T16:02:31Z evt=ack id=00962 node=r2
2026-08-14T16:03:31Z evt=retry id=00963 node=r3
2026-08-14T16:04:31Z evt=flush id=00964 node=r0
2026-08-14T16:05:31Z evt=drop id=00965 node=r1
2026-08-14T16:06:31Z evt=ingest id=00966 node=r2
2026-08-14T16:07:31Z evt=parse id=00967 node=r3
2026-08-14T16:08:31Z evt=route id=00968 node=r0
2026-08-14T16:09:31Z evt=ack id=00969 node=r1
2026-08-14T16:10:31Z evt=retry id=00970 node=r2
2026-08-14T16:11:31Z evt=flush id=00971 node=r3
2026-08-14T16:12:31Z evt=drop id=00972 node=r0
2026-08-14T16:13:31Z evt=ingest id=00973 node=r1
2026-08-14T16:14:31Z evt=parse id=00974 node=r2
2026-08-14T16:15:31Z evt=route id=00975 node=r3
2026-08-14T16:16:31Z evt=ack id=00976 node=r0
2026-08-14T16:17:31Z evt=retry id=00977 node=r1
2026-08-14T16:18:31Z evt=flush id=00978 node=r2
2026-08-14T16:19:31Z evt=drop id=00979 node=r3
2026-08-14T16:20:31Z evt=ingest id=00980 node=r0
2026-08-14T16:21:31Z evt=parse id=00981 node=r1
2026-08-14T16:22:31Z evt=route id=00982 node=r2
2026-08-14T16:23:31Z evt=ack id=00983 node=r3
2026-08-14T16:24:31Z evt=retry id=00984 node=r0
2026-08-14T16:25:31Z evt=flush id=00985 node=r1
2026-08-14T16:26:31Z evt=drop id=00986 node=r2
2026-08-14T16:27:31Z evt=ingest id=00987 node=r3
2026-08-14T16:28:31Z evt=parse id=00988 node=r0
2026-08-14T16:29:31Z evt=route id=00989 node=r1
2026-08-14T16:30:31Z evt=ack id=00990 node=r2
2026-08-14T16:31:31Z evt=retry id=00991 node=r3
2026-08-14T16:32:31Z evt=flush id=00992 node=r0
2026-08-14T16:33:31Z evt=drop id=00993 node=r1
2026-08-14T16:34:31Z evt=ingest id=00994 node=r2
2026-08-14T16:35:31Z evt=parse id=00995 node=r3
2026-08-14T16:36:31Z evt=route id=00996 node=r0
2026-08-14T16:37:31Z evt=ack id=00997 node=r1
2026-08-14T16:38:31Z evt=retry id=00998 node=r2
2026-08-14T16:39:31Z evt=flush id=00999 node=r3
2026-08-14T16:40:31Z evt=drop id=01000 node=r0
2026-08-14T16:41:31Z evt=ingest id=01001 node=r1
2026-08-14T16:42:31Z evt=parse id=01002 node=r2
2026-08-14T16:43:31Z evt=route id=01003 node=r3
2026-08-14T16:44:31Z evt=ack id=01004 node=r0
2026-08-14T16:45:31Z evt=retry id=01005 node=r1
2026-08-14T16:46:31Z evt=flush id=01006 node=r2
2026-08-14T16:47:31Z evt=drop id=01007 node=r3
2026-08-14T16:48:31Z evt=ingest id=01008 node=r0
2026-08-14T16:49:31Z evt=parse id=01009 node=r1
2026-08-14T16:50:31Z evt=route id=01010 node=r2
2026-08-14T16:51:31Z evt=ack id=01011 node=r3
2026-08-14T16:52:31Z evt=retry id=01012 node=r0
2026-08-14T16:53:31Z evt=flush id=01013 node=r1
2026-08-14T16:54:31Z evt=drop id=01014 node=r2
2026-08-14T16:55:31Z evt=ingest id=01015 node=r3
2026-08-14T16:56:31Z evt=parse id=01016 node=r0
2026-08-14T16:57:31Z evt=route id=01017 node=r1
2026-08-14T16:58:31Z evt=ack id=01018 node=r2
2026-08-14T16:59:31Z evt=retry id=01019 node=r3
2026-08-14T17:00:31Z evt=flush id=01020 node=r0
2026-08-14T17:01:31Z evt=drop id=01021 node=r1
2026-08-14T17:02:31Z evt=ingest id=01022 node=r2
2026-08-14T17:03:31Z evt=parse id=01023 node=r3
2026-08-14T17:04:31Z evt=route id=01024 node=r0
2026-08-14T17:05:31Z evt=ack id=01025 node=r1
2026-08-14T17:06:31Z evt=retry id=01026 node=r2
2026-08-14T17:07:31Z evt=flush id=01027 node=r3
2026-08-14T17:08:31Z evt=drop id=01028 node=r0
2026-08-14T17:09:31Z evt=ingest id=01029 node=r1
2026-08-14T17:10:31Z evt=parse id=01030 node=r2
2026-08-14T17:11:31Z evt=route id=01031 node=r3
2026-08-14T17:12:31Z evt=ack id=01032 node=r0
2026-08-14T17:13:31Z evt=retry id=01033 node=r1
2026-08-14T17:14:31Z evt=flush id=01034 node=r2
2026-08-14T17:15:31Z evt=drop id=01035 node=r3
2026-08-14T17:16:31Z evt=ingest id=01036 node=r0
2026-08-14T17:17:31Z evt=parse id=01037 node=r1
2026-08-14T17:18:31Z evt=route id=01038 node=r2
2026-08-14T17:19:31Z evt=ack id=01039 node=r3
2026-08-14T17:20:31Z evt=retry id=01040 node=r0
2026-08-14T17:21:31Z evt=flush id=01041 node=r1
2026-08-14T17:22:31Z evt=drop id=01042 node=r2
2026-08-14T17:23:31Z evt=ingest id=01043 node=r3
2026-08-14T17:24:31Z evt=parse id=01044 node=r0
2026-08-14T17:25:31Z evt=route id=01045 node=r1
2026-08-14T17:26:31Z evt=ack id=01046 node=r2
2026-08-14T17:27:31Z evt=retry id=01047 node=r3
2026-08-14T17:28:31Z evt=flush id=01048 node=r0
2026-08-14T17:29:31Z evt=drop id=01049 node=r1
2026-08-14T17:30:31Z evt=ingest id=01050 node=r2
2026-08-14T17:31:31Z evt=parse id=01051 node=r3
2026-08-14T17:32:31Z evt=route id=01052 node=r0
2026-08-14T17:33:31Z evt=ack id=01053 node=r1
2026-08-14T17:34:31Z evt=retry id=01054 node=r2
2026-08-14T17:35:31Z evt=flush id=01055 node=r3
2026-08-14T17:36:31Z evt=drop id=01056 node=r0
2026-08-14T17:37:31Z evt=ingest id=01057 node=r1
2026-08-14T17:38:31Z evt=parse id=01058 node=r2
2026-08-14T17:39:31Z evt=route id=01059 node=r3
2026-08-14T17:40:31Z evt=ack id=01060 node=r0
2026-08-14T17:41:31Z evt=retry id=01061 node=r1
2026-08-14T17:42:31Z evt=flush id=01062 node=r2
2026-08-14T17:43:31Z evt=drop id=01063 node=r3
2026-08-14T17:44:31Z evt=ingest id=01064 node=r0
2026-08-14T17:45:31Z evt=parse id=01065 node=r1
2026-08-14T17:46:31Z evt=route id=01066 node=r2
2026-08-14T17:47:31Z evt=ack id=01067 node=r3
2026-08-14T17:48:31Z evt=retry id=01068 node=r0
2026-08-14T17:49:31Z evt=flush id=01069 node=r1
2026-08-14T17:50:31Z evt=drop id=01070 node=r2
2026-08-14T17:51:31Z evt=ingest id=01071 node=r3
2026-08-14T17:52:31Z evt=parse id=01072 node=r0
2026-08-14T17:53:31Z evt=route id=01073 node=r1
2026-08-14T17:54:31Z evt=ack id=01074 node=r2
2026-08-14T17:55:31Z evt=retry id=01075 node=r3
2026-08-14T17:56:31Z evt=flush id=01076 node=r0
2026-08-14T17:57:31Z evt=drop id=01077 node=r1
2026-08-14T17:58:31Z evt=ingest id=01078 node=r2
2026-08-14T17:59:31Z evt=parse id=01079 node=r3
2026-08-14T18:00:31Z evt=route id=01080 node=r0
2026-08-14T18:01:31Z evt=ack id=01081 node=r1
2026-08-14T18:02:31Z evt=retry id=01082 node=r2
2026-08-14T18:03:31Z evt=flush id=01083 node=r3
2026-08-14T18:04:31Z evt=drop id=01084 node=r0
2026-08-14T18:05:31Z evt=ingest id=01085 node=r1
2026-08-14T18:06:31Z evt=parse id=01086 node=r2
2026-08-14T18:07:31Z evt=route id=01087 node=r3
2026-08-14T18:08:31Z evt=ack id=01088 node=r0
2026-08-14T18:09:31Z evt=retry id=01089 node=r1
2026-08-14T18:10:31Z evt=flush id=01090 node=r2
2026-08-14T18:11:31Z evt=drop id=01091 node=r3
2026-08-14T18:12:31Z evt=ingest id=01092 node=r0
2026-08-14T18:13:31Z evt=parse id=01093 node=r1
2026-08-14T18:14:31Z evt=route id=01094 node=r2
2026-08-14T18:15:31Z evt=ack id=01095 node=r3
2026-08-14T18:16:31Z evt=retry id=01096 node=r0
2026-08-14T18:17:31Z evt=flush id=01097 node=r1
2026-08-14T18:18:31Z evt=drop id=01098 node=r2
2026-08-14T18:19:31Z evt=ingest id=01099 node=r3
2026-08-14T18:20:31Z evt=parse id=01100 node=r0
2026-08-14T18:21:31Z evt=route id=01101 node=r1
2026-08-14T18:22:31Z evt=ack id=01102 node=r2
2026-08-14T18:23:31Z evt=retry id=01103 node=r3
2026-08-14T18:24:31Z evt=flush id=01104 node=r0
2026-08-14T18:25:31Z evt=drop id=01105 node=r1
2026-08-14T18:26:31Z evt=ingest id=01106 node=r2
2026-08-14T18:27:31Z evt=parse id=01107 node=r3
2026-08-14T18:28:31Z evt=route id=01108 node=r0
2026-08-14T18:29:31Z evt=ack id=01109 node=r1
2026-08-14T18:30:31Z evt=retry id=01110 node=r2
2026-08-14T18:31:31Z evt=flush id=01111 node=r3
2026-08-14T18:32:31Z evt=drop id=01112 node=r0
2026-08-14T18:33:31Z evt=ingest id=01113 node=r1
2026-08-14T18:34:31Z evt=parse id=01114 node=r2
2026-08-14T18:35:31Z evt=route id=01115 node=r3
2026-08-14T18:36:31Z evt=ack id=01116 node=r0
2026-08-14T18:37:31Z evt=retry id=01117 node=r1
2026-08-14T18:38:31Z evt=flush id=01118 node=r2
2026-08-14T18:39:31Z evt=drop id=01119 node=r3
2026-08-14T18:40:31Z evt=ingest id=01120 node=r0
2026-08-14T18:41:31Z evt=parse id=01121 node=r1
2026-08-14T18:42:31Z evt=route id=01122 node=r2
2026-08-14T18:43:31Z evt=ack id=01123 node=r3
2026-08-14T18:44:31Z evt=retry id=01124 node=r0
2026-08-14T18:45:31Z evt=flush id=01125 node=r1
2026-08-14T18:46:31Z evt=drop id=01126 node=r2
2026-08-14T18:47:31Z evt=ingest id=01127 node=r3
2026-08-14T18:48:31Z evt=parse id=01128 node=r0
2026-08-14T18:49:31Z evt=route id=01129 node=r1
2026-08-14T18:50:31Z evt=ack id=01130 node=r2
2026-08-14T18:51:31Z evt=retry id=01131 node=r3
2026-08-14T18:52:31Z evt=flush id=01132 node=r0
2026-08-14T18:53:31Z evt=drop id=01133 node=r1
2026-08-14T18:54:31Z evt=ingest id=01134 node=r2
2026-08-14T18:55:31Z evt=parse id=01135 node=r3
2026-08-14T18:56:31Z evt=route id=01136 node=r0
2026-08-14T18:57:31Z evt=ack id=01137 node=r1
2026-08-14T18:58:31Z evt=retry id=01138 node=r2
2026-08-14T18:59:31Z evt=flush id=01139 node=r3
2026-08-14T19:00:31Z evt=drop id=01140 node=r0
2026-08-14T19:01:31Z evt=ingest id=01141 node=r1
2026-08-14T19:02:31Z evt=parse id=01142 node=r2
2026-08-14T19:03:31Z evt=route id=01143 node=r3
2026-08-14T19:04:31Z evt=ack id=01144 node=r0
2026-08-14T19:05:31Z evt=retry id=01145 node=r1
2026-08-14T19:06:31Z evt=flush id=01146 node=r2
2026-08-14T19:07:31Z evt=drop id=01147 node=r3
2026-08-14T19:08:31Z evt=ingest id=01148 node=r0
2026-08-14T19:09:31Z evt=parse id=01149 node=r1
2026-08-14T19:10:31Z evt=route id=01150 node=r2
2026-08-14T19:11:31Z evt=ack id=01151 node=r3
2026-08-14T19:12:31Z evt=retry id=01152 node=r0
2026-08-14T19:13:31Z evt=flush id=01153 node=r1
2026-08-14T19:14:31Z evt=drop id=01154 node=r2
2026-08-14T19:15:31Z evt=ingest id=01155 node=r3
2026-08-14T19:16:31Z evt=parse id=01156 node=r0
2026-08-14T19:17:31Z evt=route id=01157 node=r1
2026-08-14T19:18:31Z evt=ack id=01158 node=r2
2026-08-14T19:19:31Z evt=retry id=01159 node=r3
2026-08-14T19:20:31Z evt=flush id=01160 node=r0
2026-08-14T19:21:31Z evt=drop id=01161 node=r1
2026-08-14T19:22:31Z evt=ingest id=01162 node=r2
2026-08-14T19:23:31Z evt=parse id=01163 node=r3
2026-08-14T19:24:31Z evt=route id=01164 node=r0
2026-08-14T19:25:31Z evt=ack id=01165 node=r1
2026-08-14T19:26:31Z evt=retry id=01166 node=r2
2026-08-14T19:27:31Z evt=flush id=01167 node=r3
2026-08-14T19:28:31Z evt=drop id=01168 node=r0
2026-08-14T19:29:31Z evt=ingest id=01169 node=r1
2026-08-14T19:30:31Z evt=parse id=01170 node=r2
2026-08-14T19:31:31Z evt=route id=01171 node=r3
2026-08-14T19:32:31Z evt=ack id=01172 node=r0
2026-08-14T19:33:31Z evt=retry id=01173 node=r1
2026-08-14T19:34:31Z evt=flush id=01174 node=r2
2026-08-14T19:35:31Z evt=drop id=01175 node=r3
2026-08-14T19:36:31Z evt=ingest id=01176 node=r0
2026-08-14T19:37:31Z evt=parse id=01177 node=r1
2026-08-14T19:38:31Z evt=route id=01178 node=r2
2026-08-14T19:39:31Z evt=ack id=01179 node=r3
2026-08-14T19:40:31Z evt=retry id=01180 node=r0
2026-08-14T19:41:31Z evt=flush id=01181 node=r1
2026-08-14T19:42:31Z evt=drop id=01182 node=r2
2026-08-14T19:43:31Z evt=ingest id=01183 node=r3
2026-08-14T19:44:31Z evt=parse id=01184 node=r0
2026-08-14T19:45:31Z evt=route id=01185 node=r1
2026-08-14T19:46:31Z evt=ack id=01186 node=r2
2026-08-14T19:47:31Z evt=retry id=01187 node=r3
2026-08-14T19:48:31Z evt=flush id=01188 node=r0
2026-08-14T19:49:31Z evt=drop id=01189 node=r1
2026-08-14T19:50:31Z evt=ingest id=01190 node=r2
2026-08-14T19:51:31Z evt=parse id=01191 node=r3
2026-08-14T19:52:31Z evt=route id=01192 node=r0
2026-08-14T19:53:31Z evt=ack id=01193 node=r1
2026-08-14T19:54:31Z evt=retry id=01194 node=r2
2026-08-14T19:55:31Z evt=flush id=01195 node=r3
2026-08-14T19:56:31Z evt=drop id=01196 node=r0
2026-08-14T19:57:31Z evt=ingest id=01197 node=r1
2026-08-14T19:58:31Z evt=parse id=01198 node=r2
2026-08-14T19:59:31Z evt=route id=01199 node=r3
2026-08-14T20:00:31Z evt=ack id=01200 node=r0
2026-08-14T20:01:31Z evt=retry id=01201 node=r1
2026-08-14T20:02:31Z evt=flush id=01202 node=r2
2026-08-14T20:03:31Z evt=drop id=01203 node=r3
2026-08-14T20:04:31Z evt=ingest id=01204 node=r0
2026-08-14T20:05:31Z evt=parse id=01205 node=r1
2026-08-14T20:06:31Z evt=route id=01206 node=r2
2026-08-14T20:07:31Z evt=ack id=01207 node=r3
2026-08-14T20:08:31Z evt=retry id=01208 node=r0
2026-08-14T20:09:31Z evt=flush id=01209 node=r1
2026-08-14T20:10:31Z evt=drop id=01210 node=r2
2026-08-14T20:11:31Z evt=ingest id=01211 node=r3
2026-08-14T20:12:31Z evt=parse id=01212 node=r0
2026-08-14T20:13:31Z evt=route id=01213 node=r1
2026-08-14T20:14:31Z evt=ack id=01214 node=r2
2026-08-14T20:15:31Z evt=retry id=01215 node=r3
2026-08-14T20:16:31Z evt=flush id=01216 node=r0
2026-08-14T20:17:31Z evt=drop id=01217 node=r1
2026-08-14T20:18:31Z evt=ingest id=01218 node=r2
2026-08-14T20:19:31Z evt=parse id=01219 node=r3
2026-08-14T20:20:31Z evt=route id=01220 node=r0
2026-08-14T20:21:31Z evt=ack id=01221 node=r1
2026-08-14T20:22:31Z evt=retry id=01222 node=r2
2026-08-14T20:23:31Z evt=flush id=01223 node=r3
2026-08-14T20:24:31Z evt=drop id=01224 node=r0
2026-08-14T20:25:31Z evt=ingest id=01225 node=r1
2026-08-14T20:26:31Z evt=parse id=01226 node=r2
2026-08-14T20:27:31Z evt=route id=01227 node=r3
2026-08-14T20:28:31Z evt=ack id=01228 node=r0
2026-08-14T20:29:31Z evt=retry id=01229 node=r1
2026-08-14T20:30:31Z evt=flush id=01230 node=r2
2026-08-14T20:31:31Z evt=drop id=01231 node=r3
2026-08-14T20:32:31Z evt=ingest id=01232 node=r0
2026-08-14T20:33:31Z evt=parse id=01233 node=r1
2026-08-14T20:34:31Z evt=route id=01234 node=r2
2026-08-14T20:35:31Z evt=ack id=01235 node=r3
2026-08-14T20:36:31Z evt=retry id=01236 node=r0
2026-08-14T20:37:31Z evt=flush id=01237 node=r1
2026-08-14T20:38:31Z evt=drop id=01238 node=r2
2026-08-14T20:39:31Z evt=ingest id=01239 node=r3
2026-08-14T20:40:31Z evt=parse id=01240 node=r0
2026-08-14T20:41:31Z evt=route id=01241 node=r1
2026-08-14T20:42:31Z evt=ack id=01242 node=r2
2026-08-14T20:43:31Z evt=retry id=01243 node=r3
2026-08-14T20:44:31Z evt=flush id=01244 node=r0
2026-08-14T20:45:31Z evt=drop id=01245 node=r1
2026-08-14T20:46:31Z evt=ingest id=01246 node=r2
2026-08-14T20:47:31Z evt=parse id=01247 node=r3
2026-08-14T20:48:31Z evt=route id=01248 node=r0
2026-08-14T20:49:31Z evt=ack id=01249 node=r1
2026-08-14T20:50:31Z evt=retry id=01250 node=r2
2026-08-14T20:51:31Z evt=flush id=01251 node=r3
2026-08-14T20:52:31Z evt=drop id=01252 node=r0
2026-08-14T20:53:31Z evt=ingest id=01253 node=r1
2026-08-14T20:54:31Z evt=parse id=01254 node=r2
2026-08-14T20:55:31Z evt=route id=01255 node=r3
2026-08-14T20:56:31Z evt=ack id=01256 node=r0
2026-08-14T20:57:31Z evt=retry id=01257 node=r1
2026-08-14T20:58:31Z evt=flush id=01258 node=r2
2026-08-14T20:59:31Z evt=drop id=01259 node=r3
2026-08-14T21:00:31Z evt=ingest id=01260 node=r0
2026-08-14T21:01:31Z evt=parse id=01261 node=r1
2026-08-14T21:02:31Z evt=route id=01262 node=r2
2026-08-14T21:03:31Z evt=ack id=01263 node=r3
2026-08-14T21:04:31Z evt=retry id=01264 node=r0
2026-08-14T21:05:31Z evt=flush id=01265 node=r1
2026-08-14T21:06:31Z evt=drop id=01266 node=r2
2026-08-14T21:07:31Z evt=ingest id=01267 node=r3
2026-08-14T21:08:31Z evt=parse id=01268 node=r0
2026-08-14T21:09:31Z evt=route id=01269 node=r1
2026-08-14T21:10:31Z evt=ack id=01270 node=r2
2026-08-14T21:11:31Z evt=retry id=01271 node=r3
2026-08-14T21:12:31Z evt=flush id=01272 node=r0
2026-08-14T21:13:31Z evt=drop id=01273 node=r1
2026-08-14T21:14:31Z evt=ingest id=01274 node=r2
2026-08-14T21:15:31Z evt=parse id=01275 node=r3
2026-08-14T21:16:31Z evt=route id=01276 node=r0
2026-08-14T21:17:31Z evt=ack id=01277 node=r1
2026-08-14T21:18:31Z evt=retry id=01278 node=r2
2026-08-14T21:19:31Z evt=flush id=01279 node=r3
2026-08-14T21:20:31Z evt=drop id=01280 node=r0
2026-08-14T21:21:31Z evt=ingest id=01281 node=r1
2026-08-14T21:22:31Z evt=parse id=01282 node=r2
2026-08-14T21:23:31Z evt=route id=01283 node=r3
2026-08-14T21:24:31Z evt=ack id=01284 node=r0
2026-08-14T21:25:31Z evt=retry id=01285 node=r1
2026-08-14T21:26:31Z evt=flush id=01286 node=r2
2026-08-14T21:27:31Z evt=drop id=01287 node=r3
2026-08-14T21:28:31Z evt=ingest id=01288 node=r0
2026-08-14T21:29:31Z evt=parse id=01289 node=r1
2026-08-14T21:30:31Z evt=route id=01290 node=r2
2026-08-14T21:31:31Z evt=ack id=01291 node=r3
2026-08-14T21:32:31Z evt=retry id=01292 node=r0
2026-08-14T21:33:31Z evt=flush id=01293 node=r1
2026-08-14T21:34:31Z evt=drop id=01294 node=r2
2026-08-14T21:35:31Z evt=ingest id=01295 node=r3
2026-08-14T21:36:31Z evt=parse id=01296 node=r0
2026-08-14T21:37:31Z evt=route id=01297 node=r1
2026-08-14T21:38:31Z evt=ack id=01298 node=r2
2026-08-14T21:39:31Z evt=retry id=01299 node=r3
2026-08-14T21:40:31Z evt=flush id=01300 node=r0
2026-08-14T21:41:31Z evt=drop id=01301 node=r1
2026-08-14T21:42:31Z evt=ingest id=01302 node=r2
2026-08-14T21:43:31Z evt=parse id=01303 node=r3
2026-08-14T21:44:31Z evt=route id=01304 node=r0
2026-08-14T21:45:31Z evt=ack id=01305 node=r1
2026-08-14T21:46:31Z evt=retry id=01306 node=r2
2026-08-14T21:47:31Z evt=flush id=01307 node=r3
2026-08-14T21:48:31Z evt=drop id=01308 node=r0
2026-08-14T21:49:31Z evt=ingest id=01309 node=r1
2026-08-14T21:50:31Z evt=parse id=01310 node=r2
2026-08-14T21:51:31Z evt=route id=01311 node=r3
2026-08-14T21:52:31Z evt=ack id=01312 node=r0
2026-08-14T21:53:31Z evt=retry id=01313 node=r1
2026-08-14T21:54:31Z evt=flush id=01314 node=r2
2026-08-14T21:55:31Z evt=drop id=01315 node=r3
2026-08-14T21:56:31Z evt=ingest id=01316 node=r0
2026-08-14T21:57:31Z evt=parse id=01317 node=r1
2026-08-14T21:58:31Z evt=route id=01318 node=r2
2026-08-14T21:59:31Z evt=ack id=01319 node=r3
2026-08-14T22:00:31Z evt=retry id=01320 node=r0
2026-08-14T22:01:31Z evt=flush id=01321 node=r1
2026-08-14T22:02:31Z evt=drop id=01322 node=r2
2026-08-14T22:03:31Z evt=ingest id=01323 node=r3
2026-08-14T22:04:31Z evt=parse id=01324 node=r0
2026-08-14T22:05:31Z evt=route id=01325 node=r1
2026-08-14T22:06:31Z evt=ack id=01326 node=r2
2026-08-14T22:07:31Z evt=retry id=01327 node=r3
2026-08-14T22:08:31Z evt=flush id=01328 node=r0
2026-08-14T22:09:31Z evt=drop id=01329 node=r1
2026-08-14T22:10:31Z evt=ingest id=01330 node=r2
2026-08-14T22:11:31Z evt=parse id=01331 node=r3
2026-08-14T22:12:31Z evt=route id=01332 node=r0
2026-08-14T22:13:31Z evt=ack id=01333 node=r1
2026-08-14T22:14:31Z evt=retry id=01334 node=r2
2026-08-14T22:15:31Z evt=flush id=01335 node=r3
2026-08-14T22:16:31Z evt=drop id=01336 node=r0
2026-08-14T22:17:31Z evt=ingest id=01337 node=r1
2026-08-14T22:18:31Z evt=parse id=01338 node=r2
2026-08-14T22:19:31Z evt=route id=01339 node=r3
2026-08-14T22:20:31Z evt=ack id=01340 node=r0
2026-08-14T22:21:31Z evt=retry id=01341 node=r1
2026-08-14T22:22:31Z evt=flush id=01342 node=r2
2026-08-14T22:23:31Z evt=drop id=01343 node=r3
2026-08-14T22:24:31Z evt=ingest id=01344 node=r0
2026-08-14T22:25:31Z evt=parse id=01345 node=r1
2026-08-14T22:26:31Z evt=route id=01346 node=r2
2026-08-14T22:27:31Z evt=ack id=01347 node=r3
2026-08-14T22:28:31Z evt=retry id=01348 node=r0
2026-08-14T22:29:31Z evt=flush id=01349 node=r1
2026-08-14T22:30:31Z evt=drop id=01350 node=r2
2026-08-14T22:31:31Z evt=ingest id=01351 node=r3
2026-08-14T22:32:31Z evt=parse id=01352 node=r0
2026-08-14T22:33:31Z evt=route id=01353 node=r1
2026-08-14T22:34:31Z evt=ack id=01354 node=r2
2026-08-14T22:35:31Z evt=retry id=01355 node=r3
2026-08-14T22:36:31Z evt=flush id=01356 node=r0
2026-08-14T22:37:31Z evt=drop id=01357 node=r1
2026-08-14T22:38:31Z evt=ingest id=01358 node=r2
2026-08-14T22:39:31Z evt=parse id=01359 node=r3
2026-08-14T22:40:31Z evt=route id=01360 node=r0
2026-08-14T22:41:31Z evt=ack id=01361 node=r1
2026-08-14T22:42:31Z evt=retry id=01362 node=r2
2026-08-14T22:43:31Z evt=flush id=01363 node=r3
2026-08-14T22:44:31Z evt=drop id=01364 node=r0
2026-08-14T22:45:31Z evt=ingest id=01365 node=r1
2026-08-14T22:46:31Z evt=parse id=01366 node=r2
2026-08-14T22:47:31Z evt=route id=01367 node=r3
2026-08-14T22:48:31Z evt=ack id=01368 node=r0
2026-08-14T22:49:31Z evt=retry id=01369 node=r1
2026-08-14T22:50:31Z evt=flush id=01370 node=r2
2026-08-14T22:51:31Z evt=drop id=01371 node=r3
2026-08-14T22:52:31Z evt=ingest id=01372 node=r0
2026-08-14T22:53:31Z evt=parse id=01373 node=r1
2026-08-14T22:54:31Z evt=route id=01374 node=r2
2026-08-14T22:55:31Z evt=ack id=01375 node=r3
2026-08-14T22:56:31Z evt=retry id=01376 node=r0
2026-08-14T22:57:31Z evt=flush id=01377 node=r1
2026-08-14T22:58:31Z evt=drop id=01378 node=r2
2026-08-14T22:59:31Z evt=ingest id=01379 node=r3
2026-08-14T23:00:31Z evt=parse id=01380 node=r0
2026-08-14T23:01:31Z evt=route id=01381 node=r1
2026-08-14T23:02:31Z evt=ack id=01382 node=r2
2026-08-14T23:03:31Z evt=retry id=01383 node=r3
2026-08-14T23:04:31Z evt=flush id=01384 node=r0
2026-08-14T23:05:31Z evt=drop id=01385 node=r1
2026-08-14T23:06:31Z evt=ingest id=01386 node=r2
2026-08-14T23:07:31Z evt=parse id=01387 node=r3
2026-08-14T23:08:31Z evt=route id=01388 node=r0
2026-08-14T23:09:31Z evt=ack id=01389 node=r1
2026-08-14T23:10:31Z evt=retry id=01390 node=r2
2026-08-14T23:11:31Z evt=flush id=01391 node=r3
2026-08-14T23:12:31Z evt=drop id=01392 node=r0
2026-08-14T23:13:31Z evt=ingest id=01393 node=r1
2026-08-14T23:14:31Z evt=parse id=01394 node=r2
2026-08-14T23:15:31Z evt=route id=01395 node=r3
2026-08-14T23:16:31Z evt=ack id=01396 node=r0
2026-08-14T23:17:31Z evt=retry id=01397 node=r1
2026-08-14T23:18:31Z evt=flush id=01398 node=r2
2026-08-14T23:19:31Z evt=drop id=01399 node=r3
2026-08-14T23:20:31Z evt=ingest id=01400 node=r0
2026-08-14T23:21:31Z evt=parse id=01401 node=r1
2026-08-14T23:22:31Z evt=route id=01402 node=r2
2026-08-14T23:23:31Z evt=ack id=01403 node=r3
2026-08-14T23:24:31Z evt=retry id=01404 node=r0
2026-08-14T23:25:31Z evt=flush id=01405 node=r1
2026-08-14T23:26:31Z evt=drop id=01406 node=r2
2026-08-14T23:27:31Z evt=ingest id=01407 node=r3
2026-08-14T23:28:31Z evt=parse id=01408 node=r0
2026-08-14T23:29:31Z evt=route id=01409 node=r1
2026-08-14T23:30:31Z evt=ack id=01410 node=r2
2026-08-14T23:31:31Z evt=retry id=01411 node=r3
2026-08-14T23:32:31Z evt=flush id=01412 node=r0
2026-08-14T23:33:31Z evt=drop id=01413 node=r1
2026-08-14T23:34:31Z evt=ingest id=01414 node=r2
2026-08-14T23:35:31Z evt=parse id=01415 node=r3
2026-08-14T23:36:31Z evt=route id=01416 node=r0
2026-08-14T23:37:31Z evt=ack id=01417 node=r1
2026-08-14T23:38:31Z evt=retry id=01418 node=r2
2026-08-14T23:39:31Z evt=flush id=01419 node=r3
2026-08-14T23:40:31Z evt=drop id=01420 node=r0
2026-08-14T23:41:31Z evt=ingest id=01421 node=r1
2026-08-14T23:42:31Z evt=parse id=01422 node=r2
2026-08-14T23:43:31Z evt=route id=01423 node=r3
2026-08-14T23:44:31Z evt=ack id=01424 node=r0
2026-08-14T23:45:31Z evt=retry id=01425 node=r1
2026-08-14T23:46:31Z evt=flush id=01426 node=r2
2026-08-14T23:47:31Z evt=drop id=01427 node=r3
2026-08-14T23:48:31Z evt=ingest id=01428 node=r0
2026-08-14T23:49:31Z evt=parse id=01429 node=r1
2026-08-14T23:50:31Z evt=route id=01430 node=r2
2026-08-14T23:51:31Z evt=ack id=01431 node=r3
2026-08-14T23:52:31Z evt=retry id=01432 node=r0
2026-08-14T23:53:31Z evt=flush id=01433 node=r1
2026-08-14T23:54:31Z evt=drop id=01434 node=r2
2026-08-14T23:55:31Z evt=ingest id=01435 node=r3
2026-08-14T23:56:31Z evt=parse id=01436 node=r0
2026-08-14T23:57:31Z evt=route id=01437 node=r1
2026-08-14T23:58:31Z evt=ack id=01438 node=r2
2026-08-14T23:59:31Z evt=retry id=01439 node=r3
2026-08-14T00:00:31Z evt=flush id=01440 node=r0
2026-08-14T00:01:31Z evt=drop id=01441 node=r1
2026-08-14T00:02:31Z evt=ingest id=01442 node=r2
2026-08-14T00:03:31Z evt=parse id=01443 node=r3
2026-08-14T00:04:31Z evt=route id=01444 node=r0
2026-08-14T00:05:31Z evt=ack id=01445 node=r1
2026-08-14T00:06:31Z evt=retry id=01446 node=r2
2026-08-14T00:07:31Z evt=flush id=01447 node=r3
2026-08-14T00:08:31Z evt=drop id=01448 node=r0
2026-08-14T00:09:31Z evt=ingest id=01449 node=r1
2026-08-14T00:10:31Z evt=parse id=01450 node=r2
2026-08-14T00:11:31Z evt=route id=01451 node=r3
2026-08-14T00:12:31Z evt=ack id=01452 node=r0
2026-08-14T00:13:31Z evt=retry id=01453 node=r1
2026-08-14T00:14:31Z evt=flush id=01454 node=r2
2026-08-14T00:15:31Z evt=drop id=01455 node=r3
2026-08-14T00:16:31Z evt=ingest id=01456 node=r0
2026-08-14T00:17:31Z evt=parse id=01457 node=r1
2026-08-14T00:18:31Z evt=route id=01458 node=r2
2026-08-14T00:19:31Z evt=ack id=01459 node=r3
2026-08-14T00:20:31Z evt=retry id=01460 node=r0
2026-08-14T00:21:31Z evt=flush id=01461 node=r1
2026-08-14T00:22:31Z evt=drop id=01462 node=r2
2026-08-14T00:23:31Z evt=ingest id=01463 node=r3
2026-08-14T00:24:31Z evt=parse id=01464 node=r0
2026-08-14T00:25:31Z evt=route id=01465 node=r1
2026-08-14T00:26:31Z evt=ack id=01466 node=r2
2026-08-14T00:27:31Z evt=retry id=01467 node=r3
2026-08-14T00:28:31Z evt=flush id=01468 node=r0
2026-08-14T00:29:31Z evt=drop id=01469 node=r1
2026-08-14T00:30:31Z evt=ingest id=01470 node=r2
2026-08-14T00:31:31Z evt=parse id=01471 node=r3
2026-08-14T00:32:31Z evt=route id=01472 node=r0
2026-08-14T00:33:31Z evt=ack id=01473 node=r1
2026-08-14T00:34:31Z evt=retry id=01474 node=r2
2026-08-14T00:35:31Z evt=flush id=01475 node=r3
2026-08-14T00:36:31Z evt=drop id=01476 node=r0
2026-08-14T00:37:31Z evt=ingest id=01477 node=r1
2026-08-14T00:38:31Z evt=parse id=01478 node=r2
2026-08-14T00:39:31Z evt=route id=01479 node=r3
2026-08-14T00:40:31Z evt=ack id=01480 node=r0
2026-08-14T00:41:31Z evt=retry id=01481 node=r1
2026-08-14T00:42:31Z evt=flush id=01482 node=r2
2026-08-14T00:43:31Z evt=drop id=01483 node=r3
2026-08-14T00:44:31Z evt=ingest id=01484 node=r0
2026-08-14T00:45:31Z evt=parse id=01485 node=r1
2026-08-14T00:46:31Z evt=route id=01486 node=r2
2026-08-14T00:47:31Z evt=ack id=01487 node=r3
2026-08-14T00:48:31Z evt=retry id=01488 node=r0
2026-08-14T00:49:31Z evt=flush id=01489 node=r1
2026-08-14T00:50:31Z evt=drop id=01490 node=r2
2026-08-14T00:51:31Z evt=ingest id=01491 node=r3
2026-08-14T00:52:31Z evt=parse id=01492 node=r0
2026-08-14T00:53:31Z evt=route id=01493 node=r1
2026-08-14T00:54:31Z evt=ack id=01494 node=r2
2026-08-14T00:55:31Z evt=retry id=01495 node=r3
2026-08-14T00:56:31Z evt=flush id=01496 node=r0
2026-08-14T00:57:31Z evt=drop id=01497 node=r1
2026-08-14T00:58:31Z evt=ingest id=01498 node=r2
2026-08-14T00:59:31Z evt=parse id=01499 node=r3
2026-08-14T01:00:31Z evt=route id=01500 node=r0
2026-08-14T01:01:31Z evt=ack id=01501 node=r1
2026-08-14T01:02:31Z evt=retry id=01502 node=r2
2026-08-14T01:03:31Z evt=flush id=01503 node=r3
2026-08-14T01:04:31Z evt=drop id=01504 node=r0
2026-08-14T01:05:31Z evt=ingest id=01505 node=r1
2026-08-14T01:06:31Z evt=parse id=01506 node=r2
2026-08-14T01:07:31Z evt=route id=01507 node=r3
2026-08-14T01:08:31Z evt=ack id=01508 node=r0
2026-08-14T01:09:31Z evt=retry id=01509 node=r1
2026-08-14T01:10:31Z evt=flush id=01510 node=r2
2026-08-14T01:11:31Z evt=drop id=01511 node=r3
2026-08-14T01:12:31Z evt=ingest id=01512 node=r0
2026-08-14T01:13:31Z evt=parse id=01513 node=r1
2026-08-14T01:14:31Z evt=route id=01514 node=r2
2026-08-14T01:15:31Z evt=ack id=01515 node=r3
2026-08-14T01:16:31Z evt=retry id=01516 node=r0
2026-08-14T01:17:31Z evt=flush id=01517 node=r1
2026-08-14T01:18:31Z evt=drop id=01518 node=r2
2026-08-14T01:19:31Z evt=ingest id=01519 node=r3
2026-08-14T01:20:31Z evt=parse id=01520 node=r0
2026-08-14T01:21:31Z evt=route id=01521 node=r1
2026-08-14T01:22:31Z evt=ack id=01522 node=r2
2026-08-14T01:23:31Z evt=retry id=01523 node=r3
2026-08-14T01:24:31Z evt=flush id=01524 node=r0
2026-08-14T01:25:31Z evt=drop id=01525 node=r1
2026-08-14T01:26:31Z evt=ingest id=01526 node=r2
2026-08-14T01:27:31Z evt=parse id=01527 node=r3
2026-08-14T01:28:31Z evt=route id=01528 node=r0
2026-08-14T01:29:31Z evt=ack id=01529 node=r1
2026-08-14T01:30:31Z evt=retry id=01530 node=r2
2026-08-14T01:31:31Z evt=flush id=01531 node=r3
2026-08-14T01:32:31Z evt=drop id=01532 node=r0
2026-08-14T01:33:31Z evt=ingest id=01533 node=r1
2026-08-14T01:34:31Z evt=parse id=01534 node=r2
2026-08-14T01:35:31Z evt=route id=01535 node=r3
2026-08-14T01:36:31Z evt=ack id=01536 node=r0
2026-08-14T01:37:31Z evt=retry id=01537 node=r1
2026-08-14T01:38:31Z evt=flush id=01538 node=r2
2026-08-14T01:39:31Z evt=drop id=01539 node=r3
2026-08-14T01:40:31Z evt=ingest id=01540 node=r0
2026-08-14T01:41:31Z evt=parse id=01541 node=r1
2026-08-14T01:42:31Z evt=route id=01542 node=r2
2026-08-14T01:43:31Z evt=ack id=01543 node=r3
2026-08-14T01:44:31Z evt=retry id=01544 node=r0
2026-08-14T01:45:31Z evt=flush id=01545 node=r1
2026-08-14T01:46:31Z evt=drop id=01546 node=r2
2026-08-14T01:47:31Z evt=ingest id=01547 node=r3
2026-08-14T01:48:31Z evt=parse id=01548 node=r0
2026-08-14T01:49:31Z evt=route id=01549 node=r1
2026-08-14T01:50:31Z evt=ack id=01550 node=r2
2026-08-14T01:51:31Z evt=retry id=01551 node=r3
2026-08-14T01:52:31Z evt=flush id=01552 node=r0
2026-08-14T01:53:31Z evt=drop id=01553 node=r1
2026-08-14T01:54:31Z evt=ingest id=01554 node=r2
2026-08-14T01:55:31Z evt=parse id=01555 node=r3
2026-08-14T01:56:31Z evt=route id=01556 node=r0
2026-08-14T01:57:31Z evt=ack id=01557 node=r1
2026-08-14T01:58:31Z evt=retry id=01558 node=r2
2026-08-14T01:59:31Z evt=flush id=01559 node=r3
2026-08-14T02:00:31Z evt=drop id=01560 node=r0
2026-08-14T02:01:31Z evt=ingest id=01561 node=r1
2026-08-14T02:02:31Z evt=parse id=01562 node=r2
2026-08-14T02:03:31Z evt=route id=01563 node=r3
2026-08-14T02:04:31Z evt=ack id=01564 node=r0
2026-08-14T02:05:31Z evt=retry id=01565 node=r1
2026-08-14T02:06:31Z evt=flush id=01566 node=r2
2026-08-14T02:07:31Z evt=drop id=01567 node=r3
2026-08-14T02:08:31Z evt=ingest id=01568 node=r0
2026-08-14T02:09:31Z evt=parse id=01569 node=r1
2026-08-14T02:10:31Z evt=route id=01570 node=r2
2026-08-14T02:11:31Z evt=ack id=01571 node=r3
2026-08-14T02:12:31Z evt=retry id=01572 node=r0
2026-08-14T02:13:31Z evt=flush id=01573 node=r1
2026-08-14T02:14:31Z evt=drop id=01574 node=r2
2026-08-14T02:15:31Z evt=ingest id=01575 node=r3
2026-08-14T02:16:31Z evt=parse id=01576 node=r0
2026-08-14T02:17:31Z evt=route id=01577 node=r1
2026-08-14T02:18:31Z evt=ack id=01578 node=r2
2026-08-14T02:19:31Z evt=retry id=01579 node=r3
2026-08-14T02:20:31Z evt=flush id=01580 node=r0
2026-08-14T02:21:31Z evt=drop id=01581 node=r1
2026-08-14T02:22:31Z evt=ingest id=01582 node=r2
2026-08-14T02:23:31Z evt=parse id=01583 node=r3
2026-08-14T02:24:31Z evt=route id=01584 node=r0
2026-08-14T02:25:31Z evt=ack id=01585 node=r1
2026-08-14T02:26:31Z evt=retry id=01586 node=r2
2026-08-14T02:27:31Z evt=flush id=01587 node=r3
2026-08-14T02:28:31Z evt=drop id=01588 node=r0
2026-08-14T02:29:31Z evt=ingest id=01589 node=r1
2026-08-14T02:30:31Z evt=parse id=01590 node=r2
2026-08-14T02:31:31Z evt=route id=01591 node=r3
2026-08-14T02:32:31Z evt=ack id=01592 node=r0
2026-08-14T02:33:31Z evt=retry id=01593 node=r1
2026-08-14T02:34:31Z evt=flush id=01594 node=r2
2026-08-14T02:35:31Z evt=drop id=01595 node=r3
2026-08-14T02:36:31Z evt=ingest id=01596 node=r0
2026-08-14T02:37:31Z evt=parse id=01597 node=r1
2026-08-14T02:38:31Z evt=route id=01598 node=r2
2026-08-14T02:39:31Z evt=ack id=01599 node=r3
2026-08-14T02:40:31Z evt=retry id=01600 node=r0
2026-08-14T02:41:31Z evt=flush id=01601 node=r1
2026-08-14T02:42:31Z evt=drop id=01602 node=r2
2026-08-14T02:43:31Z evt=ingest id=01603 node=r3
2026-08-14T02:44:31Z evt=parse id=01604 node=r0
2026-08-14T02:45:31Z evt=route id=01605 node=r1
2026-08-14T02:46:31Z evt=ack id=01606 node=r2
2026-08-14T02:47:31Z evt=retry id=01607 node=r3
2026-08-14T02:48:31Z evt=flush id=01608 node=r0
2026-08-14T02:49:31Z evt=drop id=01609 node=r1
2026-08-14T02:50:31Z evt=ingest id=01610 node=r2
2026-08-14T02:51:31Z evt=parse id=01611 node=r3
2026-08-14T02:52:31Z evt=route id=01612 node=r0
2026-08-14T02:53:31Z evt=ack id=01613 node=r1
2026-08-14T02:54:31Z evt=retry id=01614 node=r2
2026-08-14T02:55:31Z evt=flush id=01615 node=r3
2026-08-14T02:56:31Z evt=drop id=01616 node=r0
2026-08-14T02:57:31Z evt=ingest id=01617 node=r1
2026-08-14T02:58:31Z evt=parse id=01618 node=r2
2026-08-14T02:59:31Z evt=route id=01619 node=r3
2026-08-14T03:00:31Z evt=ack id=01620 node=r0
2026-08-14T03:01:31Z evt=retry id=01621 node=r1
2026-08-14T03:02:31Z evt=flush id=01622 node=r2
2026-08-14T03:03:31Z evt=drop id=01623 node=r3
2026-08-14T03:04:31Z evt=ingest id=01624 node=r0
2026-08-14T03:05:31Z evt=parse id=01625 node=r1
2026-08-14T03:06:31Z evt=route id=01626 node=r2
2026-08-14T03:07:31Z evt=ack id=01627 node=r3
2026-08-14T03:08:31Z evt=retry id=01628 node=r0
2026-08-14T03:09:31Z evt=flush id=01629 node=r1
2026-08-14T03:10:31Z evt=drop id=01630 node=r2
2026-08-14T03:11:31Z evt=ingest id=01631 node=r3
2026-08-14T03:12:31Z evt=parse id=01632 node=r0
2026-08-14T03:13:31Z evt=route id=01633 node=r1
2026-08-14T03:14:31Z evt=ack id=01634 node=r2
2026-08-14T03:15:31Z evt=retry id=01635 node=r3
2026-08-14T03:16:31Z evt=flush id=01636 node=r0
2026-08-14T03:17:31Z evt=drop id=01637 node=r1
2026-08-14T03:18:31Z evt=ingest id=01638 node=r2
2026-08-14T03:19:31Z evt=parse id=01639 node=r3
2026-08-14T03:20:31Z evt=route id=01640 node=r0
2026-08-14T03:21:31Z evt=ack id=01641 node=r1
2026-08-14T03:22:31Z evt=retry id=01642 node=r2
2026-08-14T03:23:31Z evt=flush id=01643 node=r3
2026-08-14T03:24:31Z evt=drop id=01644 node=r0
2026-08-14T03:25:31Z evt=ingest id=01645 node=r1
2026-08-14T03:26:31Z evt=parse id=01646 node=r2
2026-08-14T03:27:31Z evt=route id=01647 node=r3
2026-08-14T03:28:31Z evt=ack id=01648 node=r0
2026-08-14T03:29:31Z evt=retry id=01649 node=r1
2026-08-14T03:30:31Z evt=flush id=01650 node=r2
2026-08-14T03:31:31Z evt=drop id=01651 node=r3
2026-08-14T03:32:31Z evt=ingest id=01652 node=r0
2026-08-14T03:33:31Z evt=parse id=01653 node=r1
2026-08-14T03:34:31Z evt=route id=01654 node=r2
2026-08-14T03:35:31Z evt=ack id=01655 node=r3
2026-08-14T03:36:31Z evt=retry id=01656 node=r0
2026-08-14T03:37:31Z evt=flush id=01657 node=r1
2026-08-14T03:38:31Z evt=drop id=01658 node=r2
2026-08-14T03:39:31Z evt=ingest id=01659 node=r3
2026-08-14T03:40:31Z evt=parse id=01660 node=r0
2026-08-14T03:41:31Z evt=route id=01661 node=r1
2026-08-14T03:42:31Z evt=ack id=01662 node=r2
2026-08-14T03:43:31Z evt=retry id=01663 node=r3
2026-08-14T03:44:31Z evt=flush id=01664 node=r0
2026-08-14T03:45:31Z evt=drop id=01665 node=r1
2026-08-14T03:46:31Z evt=ingest id=01666 node=r2
2026-08-14T03:47:31Z evt=parse id=01667 node=r3
2026-08-14T03:48:31Z evt=route id=01668 node=r0
2026-08-14T03:49:31Z evt=ack id=01669 node=r1
2026-08-14T03:50:31Z evt=retry id=01670 node=r2
2026-08-14T03:51:31Z evt=flush id=01671 node=r3
2026-08-14T03:52:31Z evt=drop id=01672 node=r0
2026-08-14T03:53:31Z evt=ingest id=01673 node=r1
2026-08-14T03:54:31Z evt=parse id=01674 node=r2
2026-08-14T03:55:31Z evt=route id=01675 node=r3
2026-08-14T03:56:31Z evt=ack id=01676 node=r0
2026-08-14T03:57:31Z evt=retry id=01677 node=r1
2026-08-14T03:58:31Z evt=flush id=01678 node=r2
2026-08-14T03:59:31Z evt=drop id=01679 node=r3
2026-08-14T04:00:31Z evt=ingest id=01680 node=r0
2026-08-14T04:01:31Z evt=parse id=01681 node=r1
2026-08-14T04:02:31Z evt=route id=01682 node=r2
2026-08-14T04:03:31Z evt=ack id=01683 node=r3
2026-08-14T04:04:31Z evt=retry id=01684 node=r0
2026-08-14T04:05:31Z evt=flush id=01685 node=r1
2026-08-14T04:06:31Z evt=drop id=01686 node=r2
2026-08-14T04:07:31Z evt=ingest id=01687 node=r3
2026-08-14T04:08:31Z evt=parse id=01688 node=r0
2026-08-14T04:09:31Z evt=route id=01689 node=r1
2026-08-14T04:10:31Z evt=ack id=01690 node=r2
2026-08-14T04:11:31Z evt=retry id=01691 node=r3
2026-08-14T04:12:31Z evt=flush id=01692 node=r0
2026-08-14T04:13:31Z evt=drop id=01693 node=r1
2026-08-14T04:14:31Z evt=ingest id=01694 node=r2
2026-08-14T04:15:31Z evt=parse id=01695 node=r3
2026-08-14T04:16:31Z evt=route id=01696 node=r0
2026-08-14T04:17:31Z evt=ack id=01697 node=r1
2026-08-14T04:18:31Z evt=retry id=01698 node=r2
2026-08-14T04:19:31Z evt=flush id=01699 node=r3
2026-08-14T04:20:31Z evt=drop id=01700 node=r0
2026-08-14T04:21:31Z evt=ingest id=01701 node=r1
2026-08-14T04:22:31Z evt=parse id=01702 node=r2
2026-08-14T04:23:31Z evt=route id=01703 node=r3
2026-08-14T04:24:31Z evt=ack id=01704 node=r0
2026-08-14T04:25:31Z evt=retry id=01705 node=r1
2026-08-14T04:26:31Z evt=flush id=01706 node=r2
2026-08-14T04:27:31Z evt=drop id=01707 node=r3
2026-08-14T04:28:31Z evt=ingest id=01708 node=r0
2026-08-14T04:29:31Z evt=parse id=01709 node=r1
2026-08-14T04:30:31Z evt=route id=01710 node=r2
2026-08-14T04:31:31Z evt=ack id=01711 node=r3
2026-08-14T04:32:31Z evt=retry id=01712 node=r0
2026-08-14T04:33:31Z evt=flush id=01713 node=r1
2026-08-14T04:34:31Z evt=drop id=01714 node=r2
2026-08-14T04:35:31Z evt=ingest id=01715 node=r3
2026-08-14T04:36:31Z evt=parse id=01716 node=r0
2026-08-14T04:37:31Z evt=route id=01717 node=r1
2026-08-14T04:38:31Z evt=ack id=01718 node=r2
2026-08-14T04:39:31Z evt=retry id=01719 node=r3
2026-08-14T04:40:31Z evt=flush id=01720 node=r0
2026-08-14T04:41:31Z evt=drop id=01721 node=r1
2026-08-14T04:42:31Z evt=ingest id=01722 node=r2
2026-08-14T04:43:31Z evt=parse id=01723 node=r3
2026-08-14T04:44:31Z evt=route id=01724 node=r0
2026-08-14T04:45:31Z evt=ack id=01725 node=r1
2026-08-14T04:46:31Z evt=retry id=01726 node=r2
2026-08-14T04:47:31Z evt=flush id=01727 node=r3
2026-08-14T04:48:31Z evt=drop id=01728 node=r0
2026-08-14T04:49:31Z evt=ingest id=01729 node=r1
2026-08-14T04:50:31Z evt=parse id=01730 node=r2
2026-08-14T04:51:31Z evt=route id=01731 node=r3
2026-08-14T04:52:31Z evt=ack id=01732 node=r0
2026-08-14T04:53:31Z evt=retry id=01733 node=r1
2026-08-14T04:54:31Z evt=flush id=01734 node=r2
2026-08-14T04:55:31Z evt=drop id=01735 node=r3
2026-08-14T04:56:31Z evt=ingest id=01736 node=r0
2026-08-14T04:57:31Z evt=parse id=01737 node=r1
2026-08-14T04:58:31Z evt=route id=01738 node=r2
2026-08-14T04:59:31Z evt=ack id=01739 node=r3
2026-08-14T05:00:31Z evt=retry id=01740 node=r0
2026-08-14T05:01:31Z evt=flush id=01741 node=r1
2026-08-14T05:02:31Z evt=drop id=01742 node=r2
2026-08-14T05:03:31Z evt=ingest id=01743 node=r3
2026-08-14T05:04:31Z evt=parse id=01744 node=r0
2026-08-14T05:05:31Z evt=route id=01745 node=r1
2026-08-14T05:06:31Z evt=ack id=01746 node=r2
2026-08-14T05:07:31Z evt=retry id=01747 node=r3
2026-08-14T05:08:31Z evt=flush id=01748 node=r0
2026-08-14T05:09:31Z evt=drop id=01749 node=r1
2026-08-14T05:10:31Z evt=ingest id=01750 node=r2
2026-08-14T05:11:31Z evt=parse id=01751 node=r3
2026-08-14T05:12:31Z evt=route id=01752 node=r0
2026-08-14T05:13:31Z evt=ack id=01753 node=r1
2026-08-14T05:14:31Z evt=retry id=01754 node=r2
2026-08-14T05:15:31Z evt=flush id=01755 node=r3
2026-08-14T05:16:31Z evt=drop id=01756 node=r0
2026-08-14T05:17:31Z evt=ingest id=01757 node=r1
2026-08-14T05:18:31Z evt=parse id=01758 node=r2
2026-08-14T05:19:31Z evt=route id=01759 node=r3
2026-08-14T05:20:31Z evt=ack id=01760 node=r0
2026-08-14T05:21:31Z evt=retry id=01761 node=r1
2026-08-14T05:22:31Z evt=flush id=01762 node=r2
2026-08-14T05:23:31Z evt=drop id=01763 node=r3
2026-08-14T05:24:31Z evt=ingest id=01764 node=r0
2026-08-14T05:25:31Z evt=parse id=01765 node=r1
2026-08-14T05:26:31Z evt=route id=01766 node=r2
2026-08-14T05:27:31Z evt=ack id=01767 node=r3
2026-08-14T05:28:31Z evt=retry id=01768 node=r0
2026-08-14T05:29:31Z evt=flush id=01769 node=r1
2026-08-14T05:30:31Z evt=drop id=01770 node=r2
2026-08-14T05:31:31Z evt=ingest id=01771 node=r3
2026-08-14T05:32:31Z evt=parse id=01772 node=r0
2026-08-14T05:33:31Z evt=route id=01773 node=r1
2026-08-14T05:34:31Z evt=ack id=01774 node=r2
2026-08-14T05:35:31Z evt=retry id=01775 node=r3
2026-08-14T05:36:31Z evt=flush id=01776 node=r0
2026-08-14T05:37:31Z evt=drop id=01777 node=r1
2026-08-14T05:38:31Z evt=ingest id=01778 node=r2
2026-08-14T05:39:31Z evt=parse id=01779 node=r3
2026-08-14T05:40:31Z evt=route id=01780 node=r0
2026-08-14T05:41:31Z evt=ack id=01781 node=r1
2026-08-14T05:42:31Z evt=retry id=01782 node=r2
2026-08-14T05:43:31Z evt=flush id=01783 node=r3
2026-08-14T05:44:31Z evt=drop id=01784 node=r0
2026-08-14T05:45:31Z evt=ingest id=01785 node=r1
2026-08-14T05:46:31Z evt=parse id=01786 node=r2
2026-08-14T05:47:31Z evt=route id=01787 node=r3
2026-08-14T05:48:31Z evt=ack id=01788 node=r0
2026-08-14T05:49:31Z evt=retry id=01789 node=r1
2026-08-14T05:50:31Z evt=flush id=01790 node=r2
2026-08-14T05:51:31Z evt=drop id=01791 node=r3
2026-08-14T05:52:31Z evt=ingest id=01792 node=r0
2026-08-14T05:53:31Z evt=parse id=01793 node=r1
2026-08-14T05:54:31Z evt=route id=01794 node=r2
2026-08-14T05:55:31Z evt=ack id=01795 node=r3
2026-08-14T05:56:31Z evt=retry id=01796 node=r0
2026-08-14T05:57:31Z evt=flush id=01797 node=r1
2026-08-14T05:58:31Z evt=drop id=01798 node=r2
2026-08-14T05:59:31Z evt=ingest id=01799 node=r3
2026-08-14T06:00:31Z evt=parse id=01800 node=r0
2026-08-14T06:01:31Z evt=route id=01801 node=r1
2026-08-14T06:02:31Z evt=ack id=01802 node=r2
2026-08-14T06:03:31Z evt=retry id=01803 node=r3
2026-08-14T06:04:31Z evt=flush id=01804 node=r0
2026-08-14T06:05:31Z evt=drop id=01805 node=r1
2026-08-14T06:06:31Z evt=ingest id=01806 node=r2
2026-08-14T06:07:31Z evt=parse id=01807 node=r3
2026-08-14T06:08:31Z evt=route id=01808 node=r0
2026-08-14T06:09:31Z evt=ack id=01809 node=r1
2026-08-14T06:10:31Z evt=retry id=01810 node=r2
2026-08-14T06:11:31Z evt=flush id=01811 node=r3
2026-08-14T06:12:31Z evt=drop id=01812 node=r0
2026-08-14T06:13:31Z evt=ingest id=01813 node=r1
2026-08-14T06:14:31Z evt=parse id=01814 node=r2
2026-08-14T06:15:31Z evt=route id=01815 node=r3
2026-08-14T06:16:31Z evt=ack id=01816 node=r0
2026-08-14T06:17:31Z evt=retry id=01817 node=r1
2026-08-14T06:18:31Z evt=flush id=01818 node=r2
2026-08-14T06:19:31Z evt=drop id=01819 node=r3
2026-08-14T06:20:31Z evt=ingest id=01820 node=r0
2026-08-14T06:21:31Z evt=parse id=01821 node=r1
2026-08-14T06:22:31Z evt=route id=01822 node=r2
2026-08-14T06:23:31Z evt=ack id=01823 node=r3
2026-08-14T06:24:31Z evt=retry id=01824 node=r0
2026-08-14T06:25:31Z evt=flush id=01825 node=r1
2026-08-14T06:26:31Z evt=drop id=01826 node=r2
2026-08-14T06:27:31Z evt=ingest id=01827 node=r3
2026-08-14T06:28:31Z evt=parse id=01828 node=r0
2026-08-14T06:29:31Z evt=route id=01829 node=r1
2026-08-14T06:30:31Z evt=ack id=01830 node=r2
2026-08-14T06:31:31Z evt=retry id=01831 node=r3
2026-08-14T06:32:31Z evt=flush id=01832 node=r0
2026-08-14T06:33:31Z evt=drop id=01833 node=r1
2026-08-14T06:34:31Z evt=ingest id=01834 node=r2
2026-08-14T06:35:31Z evt=parse id=01835 node=r3
2026-08-14T06:36:31Z evt=route id=01836 node=r0
2026-08-14T06:37:31Z evt=ack id=01837 node=r1
2026-08-14T06:38:31Z evt=retry id=01838 node=r2
2026-08-14T06:39:31Z evt=flush id=01839 node=r3
2026-08-14T06:40:31Z evt=drop id=01840 node=r0
2026-08-14T06:41:31Z evt=ingest id=01841 node=r1
2026-08-14T06:42:31Z evt=parse id=01842 node=r2
2026-08-14T06:43:31Z evt=route id=01843 node=r3
2026-08-14T06:44:31Z evt=ack id=01844 node=r0
2026-08-14T06:45:31Z evt=retry id=01845 node=r1
2026-08-14T06:46:31Z evt=flush id=01846 node=r2
