2026-10-06T00:11:25.568Z ev (() => ({ extend: [...document.querySelectorAll('button')].some((b) => b.textContent.trim() === 'Ext
2026-10-06T00:11:30.112Z CHECK cpuBusyPercentBefore [4,3,6]
2026-10-06T00:11:30.113Z CHECK onscreen false
2026-10-06T00:11:30.113Z ev (() => ({ status: document.getElementById('status').textContent, info: (document.querySelector('#pal
2026-10-06T00:11:30.114Z CHECK start {"status":"unsaved","info":"0 pieces · 0 m · open","msg":"No saved pieces yet: select pieces on the track and press Save as piece."}
2026-10-06T00:11:30.115Z ev (async () => { const o = document.getElementById('open'); o.replaceChildren(new Option('x', ''), new
2026-10-06T00:11:33.662Z ev (() => ({ status: document.getElementById('status').textContent, info: (document.querySelector('#pal
2026-10-06T00:11:33.669Z CHECK big46 {"status":"big46","info":"46 pieces · 13,050 m · open","msg":"No saved pieces yet: select pieces on the track and press Save as piece."}
2026-10-06T00:11:33.669Z ev document.dispatchEvent(new CustomEvent('t180-camera', { detail: { mode: 'overhead' } }))
2026-10-06T00:11:36.192Z ev (() => { const st = document.getElementById('preview'), r = st.getBoundingClientRect(); let track = 
2026-10-06T00:11:42.238Z CHECK picked {"id":"p43","at":{"x":936,"y":120,"px":1.6389236116614978,"s":11950}}
2026-10-06T00:11:42.924Z ev (document.querySelector('[aria-label="selection"]') || {}).textContent
2026-10-06T00:11:42.936Z CHECK selected "Selected: p43 · 250 m"
2026-10-06T00:11:46.692Z CHECK cpuBeforeDelete [3,17,8]
2026-10-06T00:11:46.692Z ev (async () => { const q = (aria) => document.querySelector('[aria-label=' + JSON.stringify(aria) + 
2026-10-06T00:11:54.192Z CHECK delete {"label":"middle delete, 46 pieces, 13.1 km","samples":[],"tPreview":898,"tApplyOn":7482,"tCheckLine":898,"maxFrameGap":846,"maxTickGap":898,"seenSeconds":[0,1,2,3,4,5,6],"click":"clicked","finalLine":"No overlap and no red on the track after the delete.","timeLine":"Checked in 7.3 s (the worker's start 0.0 s, the check itself 7.3 s).","applyDisplay":"","total":7482}
2026-10-06T00:11:54.292Z ev (() => { const b = [...document.querySelectorAll("button")].find((x) => x.textContent.trim() === "Ca
2026-10-06T00:11:54.814Z ev (async () => { const t0 = performance.now(); const b = [...document.querySelectorAll('button')].find
2026-10-06T00:12:11.138Z CHECK deleteCancelMid {"mid":{"previewShown":true,"line":"Checking the track for overlaps… 1 s. Apply is off until this finishes; Cancel stops it.","applyDisabled":true},"after":{"previewText":"","applyDisplay":"none","msg":"No saved pieces yet: select pieces on the track and press Save as piece."},"ms":16304}
2026-10-06T00:12:11.138Z ev (async () => { const o = document.getElementById('open'); o.replaceChildren(new Option('x', ''), new
2026-10-06T00:12:14.450Z ev (() => ({ status: document.getElementById('status').textContent, info: (document.querySelector('#pal
2026-10-06T00:12:14.455Z CHECK biglap {"status":"biglap","info":"8 pieces · 14,283 m · open","msg":"No saved pieces yet: select pieces on the track and press Save as piece."}
2026-10-06T00:12:14.455Z ev document.dispatchEvent(new CustomEvent('t180-camera', { detail: { mode: 'overhead' } }))
2026-10-06T00:12:20.746Z CHECK cpuBeforeClose [9,10,5]
2026-10-06T00:12:20.747Z ev (async () => { const q = (aria) => document.querySelector('[aria-label=' + JSON.stringify(aria) + 
2026-10-06T00:12:29.889Z CHECK close {"label":"Close, 8 pieces, 14.3 km","samples":[],"tPreview":1942,"tApplyOn":9128,"tCheckLine":1942,"maxFrameGap":1836,"maxTickGap":1942,"seenSeconds":[0,1,2,3,4,5,6,7],"click":"clicked","finalLine":"No overlap and no red on the closed track.","timeLine":"Checked in 8.1 s (the worker's start 0.0 s, the check itself 8.1 s).","applyDisplay":"","total":9128}
2026-10-06T00:12:30.019Z ev (() => ({ status: document.getElementById('status').textContent, info: (document.querySelector('#pal
2026-10-06T00:12:30.024Z CHECK afterClose {"status":"biglap","info":"8 pieces · 14,283 m · open","msg":"No saved pieces yet: select pieces on the track and press Save as piece. | close preview: closed in 3 step(s): 0.144 mm, tangent 0.0e+0 rad; 3 of 8 pieces move. Apply or cancel"}
