=== node --max-old-space-size=4096 --test --test-concurrency=1 app/test/core-pitlane.test.js test/markers_pitbalance.test.js test/export_words.test.js test/kn5write.test.js test/lookmatch.test.js test/platform_test.test.js test/trackfiles.test.js app/test/export.test.js
=== cwd C:/Users/nname/Desktop/worktrees/b-pitbal-wt
=== env {}
[32m✔ a pit lane on the right is built beside the start straight, and the export carries its road and its pit boxes on it [90m(1268.039ms)[39m[39m
[32m✔ a pit lane on the left is built beside the start straight, and the export carries its road and its pit boxes on it [90m(1107.1219ms)[39m[39m
[32m✔ the pit boxes follow the lane's count and spacing [90m(171.9462ms)[39m[39m
[32m✔ a lane joining a cup wall cannot be built: it is KEPT, and the panel says why in plain words [90m(162.6167ms)[39m[39m
[32m✔ the pit lane and the hand-placed start work together [90m(1149.3828ms)[39m[39m
[32m✔ removing the pit lane puts the pit boxes back on the track and takes the lane's road out [90m(833.4167ms)[39m[39m
[32m✔ the preview draws the lane's two edges, labelled, with the automatic start [90m(173.9475ms)[39m[39m
[32m✔ every refusal of the lane geometry has words for the panel [90m(0.0996ms)[39m[39m
[32m✔ "Flatten road for pit" on a cup lap: the refused lane builds, one undo step puts the walls back [90m(3142.4845ms)[39m[39m
[32m✔ flattening a TUBE says up front that opening a tube under the racing line usually fails the export [90m(664.4757ms)[39m[39m
[32m✔ export writes the track folder into the picked folder, and its kn5 reads back through tools/kn5.cjs [90m(360.1184ms)[39m[39m
[32m✔ the app's export is node's export: the same kn5, AI line and text files byte for byte, and the same pixels [90m(588.2731ms)[39m[39m
[32m✔ a red track is refused, nothing is written, and the reds are shown with their sources [90m(7656.1013ms)[39m[39m
[32m✔ an open track is refused with the model's reason, and nothing is written [90m(0.6582ms)[39m[39m
[32m✔ the AC guard: inside content\tracks only t180b_* folders; content\tracks itself and folders elsewhere are fine [90m(0.2049ms)[39m[39m
[32m✔ an export into another track's folder in an AC install is refused before anything runs or is written [90m(0.6933ms)[39m[39m
[32m✔ the shim's sha256 and deflate are node's: the same digest, and a stream node inflates back to the input [90m(12.5722ms)[39m[39m
[32m✔ the shim's Buffer reads and writes like node's for every call the exporter makes [90m(0.1655ms)[39m[39m
[32m✔ the app's exporter writes a textured floor into the kn5 it hands the native side [90m(551.3379ms)[39m[39m
[32m✔ a track saved under a name exports as t180b_<that name>, not as the name it was started with [90m(266.5099ms)[39m[39m
[32m✔ D226 resolveTarget: only an EMPTY folder directly in content\tracks is redirected to content\tracks (the user's own spelling of the path); everything else is refused as before [90m(0.4209ms)[39m[39m
[32m✔ D227 "." and ".." as the picked folder name are refused BY NAME and never reach the removal: resolveTarget, and the shell on an EMPTY content\tracks whose "tracks\." would otherwise read as an empty folder in it [90m(1.1737ms)[39m[39m
[32m✔ D226 the empty folder the keeper made exports to content\tracks as the normal t180b_<name> folder and the empty folder is removed, so Content Manager never sees it [90m(256.9933ms)[39m[39m
[32m✔ D226 a folder with ANYTHING in it is refused as before and never deleted: a file, a nested empty folder, a hidden file [90m(4.529ms)[39m[39m
[32m✔ D226 if the empty folder cannot be removed the export still stands, and the message says to delete it by hand [90m(244.1232ms)[39m[39m
[32m✔ D226 (reversed by D234) a refused export into an EMPTY picked folder removes the folder too, and says so; nothing is written [90m(1.6206ms)[39m[39m
[32m✔ D226 a t180b_ folder, content\tracks itself and a folder elsewhere export exactly as before and never touch or ask about a folder [90m(705.4918ms)[39m[39m
[32m✔ D234 (words) an OPEN track and a RED into an EMPTY picked folder: refused, shown, folder gone; a non-empty one untouched; a failed write still tidies; a success unchanged [90m(528.8253ms)[39m[39m
[32m✔ the sample exports: the kn5 reads back through tools/kn5.cjs with every AC_ marker [90m(620.4178ms)[39m[39m
[32m✔ ui_track.json pitboxes equals the AC_PIT_n count in the written kn5 [90m(5.8835ms)[39m[39m
[32m✔ the folder holds every file of a track, and nothing it did not list [90m(0.5034ms)[39m[39m
[32m✔ the AI line runs the whole loop: its length is the path length within 0.5% (tolerance stated before the run) [90m(0.7523ms)[39m[39m
[32m✔ the AI line runs at the design speed when every word has one (200 km/h here) [90m(0.6806ms)[39m[39m
[32m✔ the markers stand on the start straight, pole nearest the line; the hotlap starts the run-up to the design speed [90m(0.4427ms)[39m[39m
[32m✔ a red document is refused, the reason named, and nothing written (the 60° bowl walls, for vanilla AC) [90m(435.2054ms)[39m[39m
[32m✔ a jump taken below the speed its 6.3 g landing needs EXPORTS (D250), with a plain warning naming it; nothing about it is red [90m(12383.0454ms)[39m[39m
[32m✔ an empty document is refused and nothing written [90m(0.5081ms)[39m[39m
[32m✔ an open track is refused: an AC lap and the AI line need a closed loop [90m(0.5541ms)[39m[39m
[32m✔ an amber document exports, and the amber is in the warnings with its source (745 km/h through the 50 m tight) [90m(523.7308ms)[39m[39m
[32m✔ both variants: the same kn5 bytes, the soft-collision block only in the first, and the noblock red said [90m(543.0668ms)[39m[39m
[32m✔ only block is written by default [90m(0.1001ms)[39m[39m
[32m✔ a folder this builder did not write is refused, untouched [90m(453.5638ms)[39m[39m
[32m✔ turning the self-check off is said in the warnings [90m(268.0335ms)[39m[39m
[32m✔ the CLI writes the folder from a document file, and refuses an empty one with exit 1 [90m(772.8075ms)[39m[39m
[32m✔ with the self-check on (the default), the sample exports [90m(500.0965ms)[39m[39m
[32m✔ the §5c marker checks guard the output: markers 3 m above the road (band 1–2 m) are refused, nothing written [90m(358.5717ms)[39m[39m
[32m✔ a grid longer than the longest straight is refused with the lengths named [90m(350.1716ms)[39m[39m
[32m✔ one station per s: the closed loop does not repeat s = 0 at its end [90m(1.3115ms)[39m[39m
[32m✔ round-trip through tools/kn5.cjs: world positions, indices, mesh names, materials and AC_ markers [90m(4.0807ms)[39m[39m
[32m✔ the road quad lands where its group matrix puts it (rotated 90 degrees about Y, moved to 10, 2, -5) [90m(2.2685ms)[39m[39m
[32m✔ every AC_ marker reads back with its forward axis along matrix row 3 [90m(1.6054ms)[39m[39m
[32m✔ the header is kn5 version 5: sc6969, then int 5, and no version-6 extra int [90m(0.2821ms)[39m[39m
[32m✔ local vertex bytes: positions and normals exact, u exact, v flipped to 1 - v within 2^-23 [90m(0.6453ms)[39m[39m
[32m✔ tangents are unit length, perpendicular to the normal, and follow +u [90m(0.2481ms)[39m[39m
[32m✔ the mesh tail: material index, layer 0, lod 0/0, a bounding sphere holding every vertex, the renderable flag [90m(0.2988ms)[39m[39m
[32m✔ textures, material fields and samplers are written as given; a prop of n floats fills slot n (A, B, C, D) [90m(0.2391ms)[39m[39m
[32m✔ writing the same scene twice gives byte-identical output [90m(0.3032ms)[39m[39m
[32m✔ edge case: an empty textures list is allowed and round-trips [90m(1.7787ms)[39m[39m
[32m✔ edge case: a mesh with 0 triangles is refused, although the byte format could encode it [90m(0.2995ms)[39m[39m
[32m✔ validateScene refuses more than 65,535 vertices in one mesh, and takes exactly 65,535 [90m(2.5338ms)[39m[39m
[32m✔ validateScene refuses an index out of range [90m(0.0935ms)[39m[39m
[32m✔ validateScene refuses a matrix of 15 entries [90m(0.0651ms)[39m[39m
[32m✔ validateScene refuses a non-finite matrix entry [90m(0.0386ms)[39m[39m
[32m✔ validateScene refuses a material index equal to the material count [90m(0.0514ms)[39m[39m
[32m✔ validateScene refuses a sampler naming a texture that is not embedded [90m(0.0366ms)[39m[39m
[32m✔ validateScene refuses a mesh node with children [90m(0.0484ms)[39m[39m
[32m✔ validateScene refuses normals of the wrong length [90m(0.0631ms)[39m[39m
[32m✔ validateScene refuses a root that is not a dummy [90m(0.0521ms)[39m[39m
[32m✔ validateScene refuses a prop with 5 floats [90m(0.038ms)[39m[39m
[32m✔ writeKn5 validates first: a bad scene throws SceneError, and no bytes come back [90m(0.0512ms)[39m[39m
[32m✔ metric: CIEDE2000 gives Sharma, Wu and Dalal's published values (pairs 1, 2 and 17 of their test data) [90m(0.5859ms)[39m[39m
[32m✔ metric: a pure lightness shift of 10 around L* 50 is exactly 10 (the lightness weight is 1 at L̄ = 50) [90m(0.0806ms)[39m[39m
[32m✔ metric: identical images differ by exactly 0 [90m(0.4793ms)[39m[39m
[32m✔ metric: a two-tone image shifted by one pixel differs by (changed pixels / all) × ΔE00 of the two tones [90m(0.2044ms)[39m[39m
[32m✔ metric: sRGB white and black are L* 100 and 0, and a pixel masked (alpha < 128) in either image is not compared [90m(0.1159ms)[39m[39m
[32m✔ metric: images of different sizes, or wholly masked, are refused [90m(0.2353ms)[39m[39m
[32m✔ cameras: a view sits up above its anchor and looks along the race direction [90m(0.2516ms)[39m[39m
[32m✔ cameras: an anchor whose axis points backwards is turned round by the grid's race direction (back slot → pole) [90m(0.0768ms)[39m[39m
[32m✔ cameras: forward and right move the eye; yaw + 90° looks left (left = up × forward); pitch looks up [90m(0.1004ms)[39m[39m
[32m✔ cameras: a view whose anchor the track does not have is refused [90m(0.1233ms)[39m[39m
[32m✔ cameras: the repository's views file loads: Sakura and Centrifuge, every view anchored to an AC_ dummy [90m(0.7014ms)[39m[39m
[32m✔ cameras: a bad views file is refused, saying why [90m(0.2468ms)[39m[39m
[32m✔ kn5 reader: what the export writes reads back: textures, material properties in their slots, samplers, world positions, dummies [90m(1.5119ms)[39m[39m
[32m✔ kn5 reader: a mesh AC flags not visible is skipped; a truncated file is refused [90m(0.416ms)[39m[39m
[32m✔ dds: a DXT1 block decodes: the endpoints, the two thirds between, and the transparent index of the 3-colour mode [90m(0.362ms)[39m[39m
[32m✔ dds: an uncompressed 32-bit DDS (our own encoder) decodes to its pixels, and the level chosen respects maxSide [90m(0.3026ms)[39m[39m
[32m✔ dds: a format it does not decode gives null, not a wrong image [90m(0.0771ms)[39m[39m
[32m✔ raster: a textured quad facing the camera is drawn in aclook.shade's colour, with the preview's fog [90m(2.0215ms)[39m[39m
[32m✔ raster: far away, the colour is mixed into the fog colour of the preview by exp(−0.0012 · distance) [90m(1.1421ms)[39m[39m
[32m✔ raster: the nearer surface wins (a z-buffer), and nothing drawn stays transparent (the metric masks it) [90m(0.5019ms)[39m[39m
[32m✔ raster: a triangle through the near plane is clipped and drawn, not dropped [90m(0.7076ms)[39m[39m
[32m✔ raster: an alpha-tested material discards texels below ksAlphaRef [90m(0.4101ms)[39m[39m
[32m✔ cli: a render into the repository is refused (another author's track is not ours to commit); outside it is accepted [90m(0.202ms)[39m[39m
[32m✔ cli: diff with no reference shots says PARKED for every view [90m(1.1963ms)[39m[39m
[32m✔ the row no longer starts at the lane's midpoint: pit 1 (AC_PIT_0) is the first box after the entry, and each next box is further on [90m(56.6591ms)[39m[39m
[32m✔ 2 boxes: the gap before the first box equals the gap after the last (within one spacing), and no box stands on a taper [90m(23.7724ms)[39m[39m
[32m✔ 6 boxes: the gap before the first box equals the gap after the last (within one spacing), and no box stands on a taper [90m(22.2269ms)[39m[39m
[32m✔ 12 boxes: the gap before the first box equals the gap after the last (within one spacing), and no box stands on a taper [90m(20.9984ms)[39m[39m
[32m✔ the boxes stand on the lane, with the count asked for, and the checks pass [90m(56.5609ms)[39m[39m
[32m✔ a row longer than the lane's straight is still centred, and an amber says the end boxes stand on the tapers [90m(20.2605ms)[39m[39m
[32m✔ total length is 500 m ± 0.5 m [90m(56.1734ms)[39m[39m
[32m✔ the loop closes: end position and frame match the start [90m(46.6147ms)[39m[39m
[32m✔ the wall-ride turns past 90° (measured on the built surface) [90m(46.9324ms)[39m[39m
[32m✔ fold check: no flipped normals, no bow-ties, no folding or self-crossing cross-sections [90m(75.8233ms)[39m[39m
[32m✔ the jump holds at the 3.2 g and the 6.3 g landing across the design band, and is reachable (FINDINGS §7d) [90m(35.5432ms)[39m[39m
[32m✔ cells stay under 65,536 vertices and have valid 16-bit indices [90m(54.8663ms)[39m[39m
[32m✔ markers: names, 1–2 m above the surface, along the road, L/R the right way round, the line ahead of the grid [90m(35.508ms)[39m[39m
[32m✔ the scene has the shared T1 shape (materials, root, mesh fields) [90m(35.3317ms)[39m[39m
[32m✔ edge case: a degenerate zero-length segment is refused [90m(0.4648ms)[39m[39m
[32m✔ mutation: one cross-section flipped (its profile reversed) is caught by the fold check [90m(80.8264ms)[39m[39m
[32m✔ mutation: a shortened loop is caught by the length check and the closure check [90m(33.6847ms)[39m[39m
[32m✔ mutation: the wall-ride built at 80° is caught by the wall-angle check [90m(36.1489ms)[39m[39m
[32m✔ mutation: a jump that cannot hold the 6.3 g landing (gap widened to 30 m) is caught by the jump check [90m(33.8414ms)[39m[39m
[32m✔ the two surfaces.ini variants differ ONLY by the soft-collision block [90m(1.1372ms)[39m[39m
[32m✔ the block carries FINDINGS §4c's numbers, exactly [90m(0.4429ms)[39m[39m
[32m✔ the default surfaces.ini is the T-180 one (with the block) [90m(0.0541ms)[39m[39m
[32m✔ models.ini lists each kn5 at the origin; models_<layout>.ini is named for a layout [90m(0.3408ms)[39m[39m
[32m✔ ui_track.json counts pitboxes from the AC_PIT_n markers and ignores a hand-typed count [90m(0.7468ms)[39m[39m
[32m✔ map.ini follows Content Manager's formula over the drivable meshes only [90m(0.316ms)[39m[39m
[32m✔ map.png parses, is WIDTH×HEIGHT, and paints the road where map.ini says it is [90m(2.9725ms)[39m[39m
[32m✔ outline.png and preview.png parse at the UI sizes [90m(6.5691ms)[39m[39m
[32m✔ encodePng refuses a buffer of the wrong size [90m(0.1063ms)[39m[39m
[32m✔ crc32 matches the PNG spec's check value [90m(0.0888ms)[39m[39m
[32m✔ writeTrackFiles writes the whole non-kn5 set, and the two variants differ only in surfaces.ini [90m(15.7789ms)[39m[39m
[32m✔ install writes a new t180b_* folder and its marker file [90m(5.6102ms)[39m[39m
[32m✔ install REFUSES a target that exists without our marker, and touches nothing [90m(3.6035ms)[39m[39m
[32m✔ install on our own folder replaces our files and deletes nothing else [90m(6.3358ms)[39m[39m
[32m✔ install refuses any folder name that is not t180b_* [90m(2.4523ms)[39m[39m
[34mℹ tests 128[39m
[34mℹ suites 0[39m
[34mℹ pass 128[39m
[34mℹ fail 0[39m
[34mℹ cancelled 0[39m
[34mℹ skipped 0[39m
[34mℹ todo 0[39m
[34mℹ duration_ms 57995.5529[39m

=== exit 0 signal null error  58.0s
